Archive member included to satisfy reference by file (symbol)

c:/nxp/s32ds.3.6.3/s32ds/build_tools/gcc_v10.2/gcc-10.2-arm32-eabi/bin/../lib/gcc/arm-none-eabi/10.2.0/../../../../arm-none-eabi/lib/thumb/v7e-m+fp/hard\libc_nano.a(lib_a-memcpy-stub.o)
                              ./src/SEGGER_RTT.o (memcpy)
c:/nxp/s32ds.3.6.3/s32ds/build_tools/gcc_v10.2/gcc-10.2-arm32-eabi/bin/../lib/gcc/arm-none-eabi/10.2.0/../../../../arm-none-eabi/lib/thumb/v7e-m+fp/hard\libc_nano.a(lib_a-memmove.o)
                              ./RTD/src/Siul2_Port_Ip.o (memmove)
c:/nxp/s32ds.3.6.3/s32ds/build_tools/gcc_v10.2/gcc-10.2-arm32-eabi/bin/../lib/gcc/arm-none-eabi/10.2.0/../../../../arm-none-eabi/lib/thumb/v7e-m+fp/hard\libc_nano.a(lib_a-memset.o)
                              ./Project_Settings/Startup_Code/startup.o (memset)
c:/nxp/s32ds.3.6.3/s32ds/build_tools/gcc_v10.2/gcc-10.2-arm32-eabi/bin/../lib/gcc/arm-none-eabi/10.2.0/../../../../arm-none-eabi/lib/thumb/v7e-m+fp/hard\libc_nano.a(lib_a-strlen.o)
                              ./src/SEGGER_RTT.o (strlen)
c:/nxp/s32ds.3.6.3/s32ds/build_tools/gcc_v10.2/gcc-10.2-arm32-eabi/bin/../lib/gcc/arm-none-eabi/10.2.0/thumb/v7e-m+fp/hard\libgcc.a(_aeabi_uldivmod.o)
                              ./RTD/src/Clock_Ip_Monitor.o (__aeabi_uldivmod)
c:/nxp/s32ds.3.6.3/s32ds/build_tools/gcc_v10.2/gcc-10.2-arm32-eabi/bin/../lib/gcc/arm-none-eabi/10.2.0/thumb/v7e-m+fp/hard\libgcc.a(_udivmoddi4.o)
                              c:/nxp/s32ds.3.6.3/s32ds/build_tools/gcc_v10.2/gcc-10.2-arm32-eabi/bin/../lib/gcc/arm-none-eabi/10.2.0/thumb/v7e-m+fp/hard\libgcc.a(_aeabi_uldivmod.o) (__udivmoddi4)
c:/nxp/s32ds.3.6.3/s32ds/build_tools/gcc_v10.2/gcc-10.2-arm32-eabi/bin/../lib/gcc/arm-none-eabi/10.2.0/thumb/v7e-m+fp/hard\libgcc.a(_dvmd_tls.o)
                              c:/nxp/s32ds.3.6.3/s32ds/build_tools/gcc_v10.2/gcc-10.2-arm32-eabi/bin/../lib/gcc/arm-none-eabi/10.2.0/thumb/v7e-m+fp/hard\libgcc.a(_aeabi_uldivmod.o) (__aeabi_ldiv0)

Discarded input sections

 .group         0x00000000        0xc ./Project_Settings/Startup_Code/exceptions.o
 .group         0x00000000        0xc ./Project_Settings/Startup_Code/exceptions.o
 .group         0x00000000        0xc ./Project_Settings/Startup_Code/exceptions.o
 .group         0x00000000        0xc ./Project_Settings/Startup_Code/exceptions.o
 .group         0x00000000        0xc ./Project_Settings/Startup_Code/exceptions.o
 .group         0x00000000        0xc ./Project_Settings/Startup_Code/exceptions.o
 .group         0x00000000        0xc ./Project_Settings/Startup_Code/exceptions.o
 .group         0x00000000        0xc ./Project_Settings/Startup_Code/exceptions.o
 .group         0x00000000        0xc ./Project_Settings/Startup_Code/exceptions.o
 .group         0x00000000        0xc ./Project_Settings/Startup_Code/exceptions.o
 .group         0x00000000        0xc ./Project_Settings/Startup_Code/exceptions.o
 .group         0x00000000        0xc ./Project_Settings/Startup_Code/exceptions.o
 .group         0x00000000        0xc ./Project_Settings/Startup_Code/exceptions.o
 .group         0x00000000        0xc ./Project_Settings/Startup_Code/exceptions.o
 .group         0x00000000        0xc ./Project_Settings/Startup_Code/exceptions.o
 .group         0x00000000        0xc ./Project_Settings/Startup_Code/exceptions.o
 .group         0x00000000        0xc ./Project_Settings/Startup_Code/exceptions.o
 .group         0x00000000        0xc ./Project_Settings/Startup_Code/exceptions.o
 .group         0x00000000        0xc ./Project_Settings/Startup_Code/exceptions.o
 .group         0x00000000        0xc ./Project_Settings/Startup_Code/exceptions.o
 .group         0x00000000        0xc ./Project_Settings/Startup_Code/exceptions.o
 .group         0x00000000        0xc ./Project_Settings/Startup_Code/exceptions.o
 .group         0x00000000        0xc ./Project_Settings/Startup_Code/exceptions.o
 .group         0x00000000        0xc ./Project_Settings/Startup_Code/exceptions.o
 .group         0x00000000        0xc ./Project_Settings/Startup_Code/exceptions.o
 .group         0x00000000        0xc ./Project_Settings/Startup_Code/exceptions.o
 .group         0x00000000        0xc ./Project_Settings/Startup_Code/exceptions.o
 .group         0x00000000        0xc ./Project_Settings/Startup_Code/exceptions.o
 .group         0x00000000        0xc ./Project_Settings/Startup_Code/exceptions.o
 .group         0x00000000        0xc ./Project_Settings/Startup_Code/exceptions.o
 .group         0x00000000        0xc ./Project_Settings/Startup_Code/nvic.o
 .group         0x00000000        0xc ./Project_Settings/Startup_Code/nvic.o
 .group         0x00000000        0xc ./Project_Settings/Startup_Code/nvic.o
 .group         0x00000000        0xc ./Project_Settings/Startup_Code/nvic.o
 .group         0x00000000        0xc ./Project_Settings/Startup_Code/nvic.o
 .group         0x00000000        0xc ./Project_Settings/Startup_Code/nvic.o
[...]
Memory Configuration

Name             Origin             Length             Attributes
int_flash_c0     0x00400000         0x00200000
int_flash_c1     0x00600000         0x001d4000
int_flash_c2     0x00800000         0x00200000
int_flash_c3     0x00a00000         0x00200000
int_itcm         0x00000000         0x00008000
int_dtcm         0x20000000         0x0000f000
int_stack_dtcm   0x2000f000         0x00001000
int_sram_c0      0x20400000         0x0000ff00
int_sram_fls_rsv_c0 0x2040ff00         0x00000100
int_sram_no_cacheable_c0 0x20410000         0x00010000
ram_end_c0       0x20420000         0x00000000
int_sram_c1      0x20420000         0x0000ff00
int_sram_fls_rsv_c1 0x2042ff00         0x00000100
int_sram_no_cacheable_c1 0x20430000         0x00010000
ram_end_c1       0x20440000         0x00000000
int_sram_c2      0x20440000         0x0000ff00
int_sram_fls_rsv_c2 0x2044ff00         0x00000100
int_sram_no_cacheable_c2 0x20450000         0x00010000
ram_end_c2       0x20460000         0x00000000
int_sram_c3      0x20460000         0x0000ff00
int_sram_fls_rsv_c3 0x2046ff00         0x00000100
int_sram_no_cacheable_c3 0x20470000         0x00010000
ram_end_c3       0x20480000         0x00000000
int_sram_shareable 0x20480000         0x00040000
ram_rsvd2        0x204c0000         0x00000000
*default*        0x00000000         0xffffffff

Linker script and memory map

LOAD ./Project_Settings/Startup_Code/Vector_Table.o
LOAD ./Project_Settings/Startup_Code/exceptions.o
LOAD ./Project_Settings/Startup_Code/nvic.o
LOAD ./Project_Settings/Startup_Code/startup.o
LOAD ./Project_Settings/Startup_Code/startup_cm7.o
LOAD ./Project_Settings/Startup_Code/system.o
LOAD ./RTD/src/Clock_Ip.o
LOAD ./RTD/src/Clock_Ip_Data.o
LOAD ./RTD/src/Clock_Ip_Divider.o
LOAD ./RTD/src/Clock_Ip_DividerTrigger.o
LOAD ./RTD/src/Clock_Ip_ExtOsc.o
LOAD ./RTD/src/Clock_Ip_FracDiv.o
LOAD ./RTD/src/Clock_Ip_Frequency.o
LOAD ./RTD/src/Clock_Ip_Gate.o
LOAD ./RTD/src/Clock_Ip_IntOsc.o
LOAD ./RTD/src/Clock_Ip_Irq.o
LOAD ./RTD/src/Clock_Ip_Monitor.o
LOAD ./RTD/src/Clock_Ip_Pll.o
LOAD ./RTD/src/Clock_Ip_ProgFreqSwitch.o
LOAD ./RTD/src/Clock_Ip_Selector.o
LOAD ./RTD/src/Clock_Ip_Specific.o
LOAD ./RTD/src/Det.o
LOAD ./RTD/src/Det_stub.o
LOAD ./RTD/src/FlexCAN_Ip.o
LOAD ./RTD/src/FlexCAN_Ip_HwAccess.o
LOAD ./RTD/src/FlexCAN_Ip_Irq.o
LOAD ./RTD/src/Igf_Port_Ip.o
LOAD ./RTD/src/IntCtrl_Ip.o
LOAD ./RTD/src/Lpi2c_Ip.o
LOAD ./RTD/src/Lpi2c_Ip_Irq.o
LOAD ./RTD/src/Lpuart_Uart_Ip.o
LOAD ./RTD/src/Lpuart_Uart_Ip_Irq.o
LOAD ./RTD/src/OsIf_Interrupts.o
LOAD ./RTD/src/OsIf_Software_Semaphore.o
LOAD ./RTD/src/OsIf_Timer.o
LOAD ./RTD/src/OsIf_Timer_System.o
LOAD ./RTD/src/OsIf_Timer_System_Internal_Systick.o
LOAD ./RTD/src/SchM_BaseNXP.o
LOAD ./RTD/src/SchM_Can_43_FLEXCAN.o
LOAD ./RTD/src/SchM_Dio.o
LOAD ./RTD/src/SchM_I2c.o
LOAD ./RTD/src/SchM_Mcu.o
LOAD ./RTD/src/SchM_Port.o
LOAD ./RTD/src/SchM_Uart.o
LOAD ./RTD/src/Siul2_Dio_Ip.o
LOAD ./RTD/src/Siul2_Port_Ip.o
LOAD ./RTD/src/Tspc_Port_Ip.o
LOAD ./board/Siul2_Port_Ip_Cfg.o
LOAD ./board/Tspc_Port_Ip_Cfg.o
LOAD ./board/dcf_config.o
LOAD ./board/ivt_config.o
LOAD ./generate/src/Clock_Ip_Cfg.o
LOAD ./generate/src/FlexCAN_Ip_Sa_PBcfg.o
LOAD ./generate/src/Igf_Port_Ip_Cfg.o
LOAD ./generate/src/IntCtrl_Ip_Cfg.o
LOAD ./generate/src/Lpi2c_Ip_Sa_PBcfg.o
LOAD ./generate/src/Lpuart_Uart_Ip_Sa_PBcfg.o
LOAD ./generate/src/OsIf_Cfg.o
LOAD ./src/SEGGER_RTT.o
LOAD ./src/SEGGER_RTT_ASM_ARMv7M.o
LOAD ./src/SEGGER_RTT_Syscalls_GCC.o
LOAD ./src/SEGGER_RTT_printf.o
LOAD ./src/main.o
LOAD c:/nxp/s32ds.3.6.3/s32ds/build_tools/gcc_v10.2/gcc-10.2-arm32-eabi/bin/../lib/gcc/arm-none-eabi/10.2.0/../../../../arm-none-eabi/lib/thumb/v7e-m+fp/hard\libc_nano.a
LOAD c:/nxp/s32ds.3.6.3/s32ds/build_tools/gcc_v10.2/gcc-10.2-arm32-eabi/bin/../lib/gcc/arm-none-eabi/10.2.0/../../../../arm-none-eabi/lib/thumb/v7e-m+fp/hard\libm.a
LOAD c:/nxp/s32ds.3.6.3/s32ds/build_tools/gcc_v10.2/gcc-10.2-arm32-eabi/bin/../lib/gcc/arm-none-eabi/10.2.0/thumb/v7e-m+fp/hard\libgcc.a
START GROUP
LOAD c:/nxp/s32ds.3.6.3/s32ds/build_tools/gcc_v10.2/gcc-10.2-arm32-eabi/bin/../lib/gcc/arm-none-eabi/10.2.0/thumb/v7e-m+fp/hard\libgcc.a
LOAD c:/nxp/s32ds.3.6.3/s32ds/build_tools/gcc_v10.2/gcc-10.2-arm32-eabi/bin/../lib/gcc/arm-none-eabi/10.2.0/../../../../arm-none-eabi/lib/thumb/v7e-m+fp/hard\libg_nano.a
LOAD c:/nxp/s32ds.3.6.3/s32ds/build_tools/gcc_v10.2/gcc-10.2-arm32-eabi/bin/../lib/gcc/arm-none-eabi/10.2.0/../../../../arm-none-eabi/lib/thumb/v7e-m+fp/hard\libc_nano.a
END GROUP
START GROUP
LOAD c:/nxp/s32ds.3.6.3/s32ds/build_tools/gcc_v10.2/gcc-10.2-arm32-eabi/bin/../lib/gcc/arm-none-eabi/10.2.0/thumb/v7e-m+fp/hard\libgcc.a
LOAD c:/nxp/s32ds.3.6.3/s32ds/build_tools/gcc_v10.2/gcc-10.2-arm32-eabi/bin/../lib/gcc/arm-none-eabi/10.2.0/../../../../arm-none-eabi/lib/thumb/v7e-m+fp/hard\libc_nano.a
LOAD c:/nxp/s32ds.3.6.3/s32ds/build_tools/gcc_v10.2/gcc-10.2-arm32-eabi/bin/../lib/gcc/arm-none-eabi/10.2.0/../../../../arm-none-eabi/lib/thumb/v7e-m+fp/hard\libnosys.a
END GROUP
START GROUP
LOAD c:/nxp/s32ds.3.6.3/s32ds/build_tools/gcc_v10.2/gcc-10.2-arm32-eabi/bin/../lib/gcc/arm-none-eabi/10.2.0/thumb/v7e-m+fp/hard\libgcc.a
LOAD c:/nxp/s32ds.3.6.3/s32ds/build_tools/gcc_v10.2/gcc-10.2-arm32-eabi/bin/../lib/gcc/arm-none-eabi/10.2.0/../../../../arm-none-eabi/lib/thumb/v7e-m+fp/hard\libc_nano.a
LOAD c:/nxp/s32ds.3.6.3/s32ds/build_tools/gcc_v10.2/gcc-10.2-arm32-eabi/bin/../lib/gcc/arm-none-eabi/10.2.0/../../../../arm-none-eabi/lib/thumb/v7e-m+fp/hard\libnosys.a
END GROUP
                0x00001000                HEAP_SIZE = DEFINED (__heap_size__)?__heap_size__:0x1000
                0x2040ffff                __STANDBY_RAM_LIMIT_END = 0x2040ffff

.flash          0x00400000    0x11130
 *(.boot_header)
 .boot_header   0x00400000      0x100 ./Project_Settings/Startup_Code/startup_cm7.o
                0x00402000                . = ALIGN (0x2000)
 *fill*         0x00400100     0x1f00 
                0x00402000                __text_start = .
                0x00402000                __interrupts_init_start = .
 *(.intc_vector)
 .intc_vector   0x00402000      0x408 ./Project_Settings/Startup_Code/Vector_Table.o
                0x00402000                VTABLE
                0x00402408                . = ALIGN (0x4)
                0x00402408                __interrupts_init_end = .
 *(.core_loop)
 .core_loop     0x00402408        0xc ./Project_Settings/Startup_Code/startup_cm7.o
                0x00402408                _core_loop
                0x00402414                . = ALIGN (0x4)
 *(.startup)
 *fill*         0x00402414        0xc 
 .startup       0x00402420      0x23c ./Project_Settings/Startup_Code/startup_cm7.o
                0x00402420                Reset_Handler
                0x00402420                _start
                0x004025d4                MCAL_LTB_TRACE_OFF
                0x004025d6                _end_of_eunit_test
                0x0040265c                . = ALIGN (0x4)
 *(.systeminit)
                0x0040265c                . = ALIGN (0x4)
 *(.text.startup)
 .text.startup  0x0040265c      0x13c ./src/main.o
                0x0040265c                main
                0x00402798                . = ALIGN (0x4)
 *(.text)
 .text          0x00402798        0x0 ./Project_Settings/Startup_Code/Vector_Table.o
 .text          0x00402798        0x0 ./Project_Settings/Startup_Code/exceptions.o
 .text          0x00402798        0x0 ./Project_Settings/Startup_Code/nvic.o
 .text          0x00402798        0x0 ./Project_Settings/Startup_Code/startup.o
 .text          0x00402798        0x0 ./Project_Settings/Startup_Code/startup_cm7.o
 .text          0x00402798        0x0 ./Project_Settings/Startup_Code/system.o
 .text          0x00402798        0x0 ./RTD/src/Clock_Ip.o
 .text          0x00402798        0x0 ./RTD/src/Clock_Ip_Data.o
 .text          0x00402798        0x0 ./RTD/src/Clock_Ip_Divider.o
 .text          0x00402798        0x0 ./RTD/src/Clock_Ip_DividerTrigger.o
 .text          0x00402798        0x0 ./RTD/src/Clock_Ip_ExtOsc.o
 .text          0x00402798        0x0 ./RTD/src/Clock_Ip_FracDiv.o
 .text          0x00402798        0x0 ./RTD/src/Clock_Ip_Frequency.o
 .text          0x00402798        0x0 ./RTD/src/Clock_Ip_Gate.o
 .text          0x00402798        0x0 ./RTD/src/Clock_Ip_IntOsc.o
 .text          0x00402798        0x0 ./RTD/src/Clock_Ip_Irq.o
 .text          0x00402798        0x0 ./RTD/src/Clock_Ip_Monitor.o
 .text          0x00402798        0x0 ./RTD/src/Clock_Ip_Pll.o
 .text          0x00402798        0x0 ./RTD/src/Clock_Ip_ProgFreqSwitch.o
 .text          0x00402798        0x0 ./RTD/src/Clock_Ip_Selector.o
 .text          0x00402798        0x0 ./RTD/src/Clock_Ip_Specific.o
 .text          0x00402798        0x0 ./RTD/src/Det.o
 .text          0x00402798        0x0 ./RTD/src/Det_stub.o
 .text          0x00402798       0x14 ./RTD/src/FlexCAN_Ip.o
 .text          0x004027ac       0x14 ./RTD/src/FlexCAN_Ip_HwAccess.o
 .text          0x004027c0        0x0 ./RTD/src/FlexCAN_Ip_Irq.o
 .text          0x004027c0        0x0 ./RTD/src/Igf_Port_Ip.o
 .text          0x004027c0       0x14 ./RTD/src/IntCtrl_Ip.o
 .text          0x004027d4        0x0 ./RTD/src/Lpi2c_Ip.o
 .text          0x004027d4        0x0 ./RTD/src/Lpi2c_Ip_Irq.o
 .text          0x004027d4       0x14 ./RTD/src/Lpuart_Uart_Ip.o
 .text          0x004027e8        0x0 ./RTD/src/Lpuart_Uart_Ip_Irq.o
 .text          0x004027e8        0x0 ./RTD/src/OsIf_Interrupts.o
 .text          0x004027e8        0x0 ./RTD/src/OsIf_Software_Semaphore.o
 .text          0x004027e8        0x0 ./RTD/src/OsIf_Timer.o
 .text          0x004027e8        0x0 ./RTD/src/OsIf_Timer_System.o
 .text          0x004027e8        0x0 ./RTD/src/OsIf_Timer_System_Internal_Systick.o
 .text          0x004027e8        0x6 ./RTD/src/SchM_BaseNXP.o
                0x004027e8                BaseNXP_schm_read_msr
 .text          0x004027ee        0x6 ./RTD/src/SchM_Can_43_FLEXCAN.o
                0x004027ee                Can_43_FLEXCan_43_FLEXCAN_schm_read_msr
 .text          0x004027f4        0x6 ./RTD/src/SchM_Dio.o
                0x004027f4                Dio_schm_read_msr
 .text          0x004027fa        0x6 ./RTD/src/SchM_I2c.o
                0x004027fa                I2c_schm_read_msr
 .text          0x00402800        0x6 ./RTD/src/SchM_Mcu.o
                0x00402800                Mcu_schm_read_msr
 .text          0x00402806        0x6 ./RTD/src/SchM_Port.o
                0x00402806                Port_schm_read_msr
 .text          0x0040280c        0x6 ./RTD/src/SchM_Uart.o
                0x0040280c                Uart_schm_read_msr
 .text          0x00402812       0x14 ./RTD/src/Siul2_Dio_Ip.o
 .text          0x00402826       0x14 ./RTD/src/Siul2_Port_Ip.o
 .text          0x0040283a        0x0 ./RTD/src/Tspc_Port_Ip.o
 .text          0x0040283a        0x0 ./board/Siul2_Port_Ip_Cfg.o
 .text          0x0040283a        0x0 ./board/Tspc_Port_Ip_Cfg.o
 .text          0x0040283a        0x0 ./board/dcf_config.o
 .text          0x0040283a        0x0 ./board/ivt_config.o
 .text          0x0040283a        0x0 ./generate/src/Clock_Ip_Cfg.o
 .text          0x0040283a        0x0 ./generate/src/FlexCAN_Ip_Sa_PBcfg.o
 .text          0x0040283a        0x0 ./generate/src/Igf_Port_Ip_Cfg.o
 .text          0x0040283a        0x0 ./generate/src/IntCtrl_Ip_Cfg.o
 .text          0x0040283a        0x0 ./generate/src/Lpi2c_Ip_Sa_PBcfg.o
 .text          0x0040283a        0x0 ./generate/src/Lpuart_Uart_Ip_Sa_PBcfg.o
 .text          0x0040283a        0x0 ./generate/src/OsIf_Cfg.o
 *fill*         0x0040283a        0x2 
 .text          0x0040283c      0x9cc ./src/SEGGER_RTT.o
                0x00402974                SEGGER_RTT_ReadUpBufferNoLock
                0x00402a04                SEGGER_RTT_ReadNoLock
                0x00402a8c                SEGGER_RTT_ReadUpBuffer
                0x00402aa8                SEGGER_RTT_Read
                0x00402ac4                SEGGER_RTT_WriteWithOverwriteNoLock
                0x00402b88                SEGGER_RTT_WriteDownBufferNoLock
                0x00402be4                SEGGER_RTT_WriteNoLock
                0x00402c44                SEGGER_RTT_WriteDownBuffer
                0x00402c78                SEGGER_RTT_Write
                0x00402cac                SEGGER_RTT_WriteString
                0x00402cc8                SEGGER_RTT_PutCharSkipNoLock
                0x00402d00                SEGGER_RTT_PutCharSkip
                0x00402d54                SEGGER_RTT_PutChar
                0x00402dbc                SEGGER_RTT_GetKey
                0x00402ddc                SEGGER_RTT_WaitKey
                0x00402de8                SEGGER_RTT_HasKey
                0x00402e04                SEGGER_RTT_HasData
                0x00402e18                SEGGER_RTT_HasDataUp
                0x00402e2c                SEGGER_RTT_AllocDownBuffer
                0x00402e94                SEGGER_RTT_AllocUpBuffer
                0x00402f08                SEGGER_RTT_ConfigUpBuffer
                0x00402f68                SEGGER_RTT_ConfigDownBuffer
                0x00402fc8                SEGGER_RTT_SetNameUpBuffer
                0x00403004                SEGGER_RTT_SetNameDownBuffer
                0x00403040                SEGGER_RTT_SetFlagsUpBuffer
                0x0040307c                SEGGER_RTT_SetFlagsDownBuffer
                0x004030b8                SEGGER_RTT_Init
                0x004030ba                SEGGER_RTT_SetTerminal
                0x0040313c                SEGGER_RTT_TerminalOut
                0x004031d4                SEGGER_RTT_GetAvailWriteSpace
                0x004031e8                SEGGER_RTT_GetBytesInBuffer
 .text          0x00403208       0x94 ./src/SEGGER_RTT_ASM_ARMv7M.o
                0x00403208                SEGGER_RTT_ASM_WriteSkipNoLock
 .text          0x0040329c       0x20 ./src/SEGGER_RTT_Syscalls_GCC.o
                0x0040329c                _write
                0x004032aa                _write_r
 .text          0x004032bc      0x37c ./src/SEGGER_RTT_printf.o
                0x004033c4                SEGGER_RTT_vprintf
                0x0040361a                SEGGER_RTT_printf
 .text          0x00403638      0x2d8 ./src/main.o
                0x00403638                verify_mip_checksum
                0x0040366e                parse_imu_data
                0x0040372e                Send_Command_And_Get_Response
                0x004037a0                User_Str_Cmp
                0x004037bc                mip_parse_byte
 .text          0x00403910        0x0 c:/nxp/s32ds.3.6.3/s32ds/build_tools/gcc_v10.2/gcc-10.2-arm32-eabi/bin/../lib/gcc/arm-none-eabi/10.2.0/../../../../arm-none-eabi/lib/thumb/v7e-m+fp/hard\libc_nano.a(lib_a-memcpy-stub.o)
 .text          0x00403910        0x0 c:/nxp/s32ds.3.6.3/s32ds/build_tools/gcc_v10.2/gcc-10.2-arm32-eabi/bin/../lib/gcc/arm-none-eabi/10.2.0/../../../../arm-none-eabi/lib/thumb/v7e-m+fp/hard\libc_nano.a(lib_a-memmove.o)
 .text          0x00403910        0x0 c:/nxp/s32ds.3.6.3/s32ds/build_tools/gcc_v10.2/gcc-10.2-arm32-eabi/bin/../lib/gcc/arm-none-eabi/10.2.0/../../../../arm-none-eabi/lib/thumb/v7e-m+fp/hard\libc_nano.a(lib_a-memset.o)
 .text          0x00403910       0x10 c:/nxp/s32ds.3.6.3/s32ds/build_tools/gcc_v10.2/gcc-10.2-arm32-eabi/bin/../lib/gcc/arm-none-eabi/10.2.0/../../../../arm-none-eabi/lib/thumb/v7e-m+fp/hard\libc_nano.a(lib_a-strlen.o)
                0x00403910                strlen
 .text          0x00403920       0x30 c:/nxp/s32ds.3.6.3/s32ds/build_tools/gcc_v10.2/gcc-10.2-arm32-eabi/bin/../lib/gcc/arm-none-eabi/10.2.0/thumb/v7e-m+fp/hard\libgcc.a(_aeabi_uldivmod.o)
                0x00403920                __aeabi_uldivmod
 .text          0x00403950      0x2d8 c:/nxp/s32ds.3.6.3/s32ds/build_tools/gcc_v10.2/gcc-10.2-arm32-eabi/bin/../lib/gcc/arm-none-eabi/10.2.0/thumb/v7e-m+fp/hard\libgcc.a(_udivmoddi4.o)
                0x00403950                __udivmoddi4
 .text          0x00403c28        0x4 c:/nxp/s32ds.3.6.3/s32ds/build_tools/gcc_v10.2/gcc-10.2-arm32-eabi/bin/../lib/gcc/arm-none-eabi/10.2.0/thumb/v7e-m+fp/hard\libgcc.a(_dvmd_tls.o)
                0x00403c28                __aeabi_idiv0
                0x00403c28                __aeabi_ldiv0
 *(.text*)
 .text.memcpy   0x00403c2c       0x1c c:/nxp/s32ds.3.6.3/s32ds/build_tools/gcc_v10.2/gcc-10.2-arm32-eabi/bin/../lib/gcc/arm-none-eabi/10.2.0/../../../../arm-none-eabi/lib/thumb/v7e-m+fp/hard\libc_nano.a(lib_a-memcpy-stub.o)
                0x00403c2c                memcpy
 .text.memmove  0x00403c48       0x34 c:/nxp/s32ds.3.6.3/s32ds/build_tools/gcc_v10.2/gcc-10.2-arm32-eabi/bin/../lib/gcc/arm-none-eabi/10.2.0/../../../../arm-none-eabi/lib/thumb/v7e-m+fp/hard\libc_nano.a(lib_a-memmove.o)
                0x00403c48                memmove
 .text.memset   0x00403c7c       0x10 c:/nxp/s32ds.3.6.3/s32ds/build_tools/gcc_v10.2/gcc-10.2-arm32-eabi/bin/../lib/gcc/arm-none-eabi/10.2.0/../../../../arm-none-eabi/lib/thumb/v7e-m+fp/hard\libc_nano.a(lib_a-memset.o)
                0x00403c7c                memset
                0x00403c8c                . = ALIGN (0x4)
 *(.mcal_text)
 .mcal_text     0x00403c8c       0x14 ./Project_Settings/Startup_Code/exceptions.o
                0x00403c8c                NMI_Handler
                0x00403c8e                HardFault_Handler
                0x00403c90                MemManage_Handler
                0x00403c92                BusFault_Handler
                0x00403c94                UsageFault_Handler
                0x00403c96                SVC_Handler
                0x00403c98                DebugMon_Handler
                0x00403c9a                PendSV_Handler
                0x00403c9c                SysTick_Handler
                0x00403c9e                undefined_handler
 .mcal_text     0x00403ca0       0x52 ./Project_Settings/Startup_Code/nvic.o
                0x00403ca0                NVIC_SetPriorityGrouping
                0x00403cb4                NVIC_EnableIRQ
                0x00403ccc                NVIC_DisableIRQ
                0x00403ce4                NVIC_SetPriority
 *fill*         0x00403cf2        0x2 
 .mcal_text     0x00403cf4       0xe8 ./Project_Settings/Startup_Code/startup.o
                0x00403cf4                init_data_bss
                0x00403d80                init_data_bss_core2
 .mcal_text     0x00403ddc      0x340 ./Project_Settings/Startup_Code/system.o
                0x00403ddc                startup_go_to_user_mode
                0x00403dde                default_interrupt_routine
                0x00403de0                Sys_GetCoreID
                0x00403df0                SystemInit
                0x00404100                Enable_FPU
 .mcal_text     0x0040411c      0x884 ./RTD/src/Clock_Ip.o
                0x0040411e                Clock_Ip_InitClock
                0x004046c4                Clock_Ip_GetPllStatus
                0x00404768                Clock_Ip_DistributePll
                0x00404854                Clock_Ip_Init
                0x00404878                Clock_Ip_DisableClockMonitor
                0x0040489c                Clock_Ip_InstallNotificationsCallback
                0x004048a8                Clock_Ip_DisableModuleClock
                0x004048d0                Clock_Ip_EnableModuleClock
                0x004048f8                Clock_Ip_DisableFircInStandby
                0x00404910                Clock_Ip_EnableFircInStandby
                0x00404928                Clock_Ip_DisableSircInStandby
                0x00404940                Clock_Ip_EnableSircInStandby
                0x00404958                Clock_Ip_ReportClockErrors
                0x00404964                Clock_Ip_StartTimeout
                0x00404984                Clock_Ip_TimeoutExpired
 .mcal_text     0x004049a0      0x1e4 ./RTD/src/Clock_Ip_Divider.o
 .mcal_text     0x00404b84       0x9c ./RTD/src/Clock_Ip_DividerTrigger.o
 .mcal_text     0x00404c20      0x214 ./RTD/src/Clock_Ip_ExtOsc.o
 .mcal_text     0x00404e34        0x6 ./RTD/src/Clock_Ip_FracDiv.o
 .mcal_text     0x00404e3a        0x2 ./RTD/src/Clock_Ip_Frequency.o
                0x00404e3a                Clock_Ip_SetExternalSignalFrequency
 .mcal_text     0x00404e3c      0x150 ./RTD/src/Clock_Ip_Gate.o
 .mcal_text     0x00404f8c      0x104 ./RTD/src/Clock_Ip_IntOsc.o
 .mcal_text     0x00405090        0x4 ./RTD/src/Clock_Ip_Irq.o
                0x00405090                Mcu_Cmu_ClockFail_IRQHandler
 .mcal_text     0x00405094      0x280 ./RTD/src/Clock_Ip_Monitor.o
                0x004052d0                Clock_Ip_CMU_ClockFailInt
 .mcal_text     0x00405314      0x1d0 ./RTD/src/Clock_Ip_Pll.o
 .mcal_text     0x004054e4      0x130 ./RTD/src/Clock_Ip_ProgFreqSwitch.o
 .mcal_text     0x00405614      0x3dc ./RTD/src/Clock_Ip_Selector.o
                0x004059c4                Clock_Ip_SetRtcRtccClksel_TrustedCall
 .mcal_text     0x004059f0      0x3c8 ./RTD/src/Clock_Ip_Specific.o
                0x004059f0                Clock_Ip_SetFlashWaitStates
                0x004059f4                Clock_Ip_McMeEnterKey
                0x00405a08                Clock_Ip_PowerClockIpModules
                0x00405d0c                DisableFircInStandbyMode
                0x00405d1c                EnableFircInStandbyMode
                0x00405d38                DisableSircInStandbyMode
                0x00405d48                EnableSircInStandbyMode
                0x00405d64                Clock_Ip_Command
                0x00405db4                Clock_Ip_SetRamWaitStates
 .mcal_text     0x00405db8      0x504 ./RTD/src/Det.o
                0x00405db8                Det_Start
                0x00405dba                Det_InitDataNode
                0x00405e40                Det_LinkNodeToHead
                0x00405e70                Det_DelAllNodesSameId
                0x00405f6e                Det_FreeNodesInLinkedList
                0x00405fa4                Det_Init
                0x004061a8                Det_ReportError
                0x00406204                Det_ReportRuntimeError
                0x00406260                Det_ReportTransientFault
 .mcal_text     0x004062bc      0x1c8 ./RTD/src/Det_stub.o
                0x004062bc                Det_TestLastReportError
                0x00406308                Det_TestLastReportRuntimeError
                0x00406354                Det_TestLastReportTransientFault
                0x004063a0                Det_TestNoError
                0x004063ec                Det_TestNoRuntimeError
                0x00406438                Det_TestNoTransientFault
 .mcal_text     0x00406484     0x2130 ./RTD/src/FlexCAN_Ip.o
                0x00406b74                FlexCAN_Ip_Init_Privileged
                0x00406d50                FlexCAN_Ip_Send
                0x00406dc8                FlexCAN_Ip_ConfigRxMb
                0x00406e5c                FlexCAN_Ip_Receive
                0x00406eac                FlexCAN_Ip_ReceiveBlocking
                0x00406f98                FlexCAN_Ip_RxFifo
                0x00406fd4                FlexCAN_Ip_RxFifoBlocking
                0x00407168                FlexCAN_Ip_ConfigRxFifo_Privileged
                0x004071e4                FlexCAN_Ip_ConfigEnhancedRxFifo_Privileged
                0x00407260                FlexCAN_Ip_ConfigRemoteResponseMb
                0x00407320                FlexCAN_Ip_GetTransferStatus
                0x0040736c                FlexCAN_IRQHandler
                0x004075ac                FlexCAN_Ip_ClearErrorStatus
                0x004075c8                FlexCAN_Ip_GetErrorStatus
                0x004075e4                FlexCAN_Ip_GetControllerTxErrorCounter
                0x00407604                FlexCAN_Ip_GetControllerRxErrorCounter
                0x00407624                FlexCAN_Busoff_Error_IRQHandler
                0x004076e4                FlexCAN_Ip_SendBlocking
                0x004077fc                FlexCAN_Ip_SetRxMbGlobalMask_Privileged
                0x00407854                FlexCAN_Ip_EnterFreezeMode_Privileged
                0x00407864                FlexCAN_Ip_ExitFreezeMode_Privileged
                0x00407874                FlexCAN_Ip_SetRxIndividualMask_Privileged
                0x004078ec                FlexCAN_Ip_SetRxFifoGlobalMask_Privileged
                0x00407944                FlexCAN_Ip_Deinit_Privileged
                0x00407a4c                FlexCAN_Ip_MainFunctionRead
                0x00407ae4                FlexCAN_Ip_MainFunctionBusOff_Privileged
                0x00407b2c                FlexCAN_Ip_MainFunctionWrite
                0x00407bbc                FlexCAN_Ip_GetStopMode_Privileged
                0x00407bd0                FlexCAN_Ip_GetStartMode_Privileged
                0x00407be8                FlexCAN_Ip_SetStartMode_Privileged
                0x00407c1c                FlexCAN_Ip_SetStopMode_Privileged
                0x00407c4c                FlexCAN_Ip_SetRxMaskType_Privileged
                0x00407cb8                FlexCAN_Ip_SetBitrate_Privileged
                0x00407d5c                FlexCAN_Ip_GetBitrate
                0x00407e10                FlexCAN_Ip_ClearTDCFail
                0x00407e58                FlexCAN_Ip_GetTDCFail
                0x00407e8c                FlexCAN_Ip_GetTDCValue
                0x00407ec0                FlexCAN_Ip_SetBitrateCbt_Privileged
                0x00407f88                FlexCAN_Ip_GetBitrateFD
                0x00408024                FlexCAN_Ip_SetTDCOffset_Privileged
                0x004080d0                FlexCAN_Ip_SetTxArbitrationStartDelay_Privileged
                0x0040813c                FlexCAN_Ip_GetBuffStatusFlag
                0x00408170                FlexCAN_Ip_ClearBuffStatusFlag
                0x004081a0                FlexCAN_Ip_EnableInterrupts_Privileged
                0x004081f4                FlexCAN_Ip_DisableInterrupts_Privileged
                0x0040823c                FlexCAN_Ip_SetErrorInt_Privileged
                0x004082d4                FlexCAN_Ip_AbortTransfer
                0x00408408                FlexCAN_Ip_SetRxMb14Mask_Privileged
                0x00408460                FlexCAN_Ip_SetRxMb15Mask_Privileged
                0x004084b8                FlexCAN_Ip_SetListenOnlyMode_Privileged
                0x00408528                FlexCAN_Ip_GetListenOnlyMode
                0x0040853c                FlexCAN_Ip_ManualBusOffRecovery
 .mcal_text     0x004085b4      0xebc ./RTD/src/FlexCAN_Ip_HwAccess.o
                0x004085e6                FlexCAN_ComputePayloadSize
                0x00408600                FlexCAN_GetMsgBuffRegion
                0x00408654                FlexCAN_GetMaxMbNum
                0x0040867c                FlexCAN_EnterFreezeMode
                0x004086dc                FlexCAN_Enable
                0x00408726                FlexCAN_ExitFreezeMode
                0x00408778                FlexCAN_Disable
                0x004087c8                FlexCAN_SetErrIntCmd
                0x00408830                FlexCAN_Init
                0x00408918                FlexCAN_EnableRxFifo
                0x00408968                FlexCAN_SetPayloadSize
                0x004089d6                FlexCAN_GetMbPayloadSize
                0x00408a06                FlexCAN_LockRxMsgBuff
                0x00408a10                FlexCAN_SetMsgBuffIntCmd
                0x00408ae8                FLEXCAN_ClearMsgBuffIntCmd
                0x00408b70                FlexCAN_DisableInterrupts
                0x00408b8a                FlexCAN_EnableInterrupts
                0x00408bbc                FlexCAN_SetRxMsgBuff
                0x00408c48                FlexCAN_GetMsgBuffTimestamp
                0x00408c54                FlexCAN_GetMsgBuff
                0x00408cea                FlexCAN_SetTxMsgBuff
                0x00408df8                FlexCAN_SetMaxMsgBuffNum
                0x00408e8e                FlexCAN_SetOperationMode
                0x00408ec4                FlexCAN_SetRxFifoFilter
                0x00409030                FlexCAN_ReadRxFifo
                0x00409098                FlexCAN_ReadEnhancedRxFifo
                0x0040913c                FlexCAN_IsMbOutOfRange
                0x0040915e                FlexCAN_IsEnhancedRxFifoAvailable
                0x00409180                FlexCAN_IsEnhancedRxFifoEnabled
                0x00409192                FlexCAN_EnableEnhancedRxFifo
                0x0040921c                FlexCAN_SetEnhancedRxFifoFilter
                0x00409388                FlexCAN_ConfigCtrlOptions
                0x00409414                FlexCAN_ResetImaskBuff
                0x0040942c                FlexCAN_DisableMemErrorDetection
 .mcal_text     0x00409470      0x114 ./RTD/src/FlexCAN_Ip_Irq.o
                0x00409470                CAN0_ORED_IRQHandler
                0x00409476                CAN0_ORED_0_31_MB_IRQHandler
                0x00409482                CAN0_ORED_32_63_MB_IRQHandler
                0x0040948e                CAN0_ORED_64_95_MB_IRQHandler
                0x0040949a                CAN1_ORED_IRQHandler
                0x004094a0                CAN1_ORED_0_31_MB_IRQHandler
                0x004094ac                CAN1_ORED_32_63_MB_IRQHandler
                0x004094b8                CAN1_ORED_64_95_MB_IRQHandler
                0x004094c4                CAN2_ORED_IRQHandler
                0x004094ca                CAN2_ORED_0_31_MB_IRQHandler
                0x004094d6                CAN2_ORED_32_63_MB_IRQHandler
                0x004094e2                CAN2_ORED_64_95_MB_IRQHandler
                0x004094ee                CAN3_ORED_IRQHandler
                0x004094f4                CAN3_ORED_0_31_MB_IRQHandler
                0x00409500                CAN3_ORED_32_63_MB_IRQHandler
                0x0040950c                CAN4_ORED_IRQHandler
                0x00409512                CAN4_ORED_0_31_MB_IRQHandler
                0x0040951e                CAN4_ORED_32_63_MB_IRQHandler
                0x0040952a                CAN5_ORED_IRQHandler
                0x00409530                CAN5_ORED_0_31_MB_IRQHandler
                0x0040953c                CAN5_ORED_32_63_MB_IRQHandler
                0x00409548                CAN6_ORED_IRQHandler
                0x0040954e                CAN6_ORED_0_31_MB_IRQHandler
                0x0040955a                CAN6_ORED_32_63_MB_IRQHandler
                0x00409566                CAN7_ORED_IRQHandler
                0x0040956c                CAN7_ORED_0_31_MB_IRQHandler
                0x00409578                CAN7_ORED_32_63_MB_IRQHandler
 .mcal_text     0x00409584      0x276 ./RTD/src/IntCtrl_Ip.o
                0x00409584                IntCtrl_Ip_InstallHandlerPrivileged
                0x004095be                IntCtrl_Ip_EnableIrqPrivileged
                0x004095fe                IntCtrl_Ip_DisableIrqPrivileged
                0x0040963e                IntCtrl_Ip_SetPriorityPrivileged
                0x00409672                IntCtrl_Ip_GetPriorityPrivileged
                0x00409696                IntCtrl_Ip_ClearPendingPrivileged
                0x004096c6                IntCtrl_Ip_SetPendingPrivileged
                0x004096f6                IntCtrl_Ip_GetPendingPrivileged
                0x00409726                IntCtrl_Ip_GetActivePrivileged
                0x00409756                IntCtrl_Ip_Init
                0x004097c2                IntCtrl_Ip_InstallHandler
                0x004097c6                IntCtrl_Ip_EnableIrq
                0x004097ca                IntCtrl_Ip_DisableIrq
                0x004097ce                IntCtrl_Ip_SetPriority
                0x004097d2                IntCtrl_Ip_GetPriority
                0x004097d6                IntCtrl_Ip_ClearPending
                0x004097da                IntCtrl_Ip_SetPending
                0x004097de                IntCtrl_Ip_GetPending
                0x004097ec                IntCtrl_Ip_GetActive
 *fill*         0x004097fa        0x2 
 .mcal_text     0x004097fc      0xeb8 ./RTD/src/Lpi2c_Ip.o
                0x00409b2c                Lpi2c_Ip_MasterSetBaudRate
                0x00409c18                Lpi2c_Ip_MasterInit
                0x00409d54                Lpi2c_Ip_MasterDeinit
                0x00409da4                Lpi2c_Ip_MasterGetBaudRate
                0x00409dd0                Lpi2c_Ip_MasterSetSlaveAddr
                0x00409de4                Lpi2c_Ip_MasterSendData
                0x00409e60                Lpi2c_Ip_MasterSendDataBlocking
                0x00409f84                Lpi2c_Ip_MasterReceiveData
                0x0040a008                Lpi2c_Ip_MasterReceiveDataBlocking
                0x0040a154                Lpi2c_Ip_MasterGetTransferStatus
                0x0040a170                Lpi2c_Ip_SlaveInit
                0x0040a2b4                Lpi2c_Ip_StartListening
                0x0040a2b8                Lpi2c_Ip_SlaveDeinit
                0x0040a32c                Lpi2c_Ip_SlaveSetBuffer
                0x0040a340                Lpi2c_Ip_SlaveGetTransferStatus
                0x0040a35c                Lpi2c_Ip_MasterIRQHandler
                0x0040a4bc                Lpi2c_Ip_SlaveIRQHandler
                0x0040a654                Lpi2c_Ip_ModuleIRQHandler
                0x0040a694                Lpi2c_Ip_SetMasterCallback
                0x0040a6a4                Lpi2c_Ip_SetSlaveCallback
 .mcal_text     0x0040a6b4        0xc ./RTD/src/Lpi2c_Ip_Irq.o
                0x0040a6b4                LPI2C0_Master_Slave_IRQHandler
                0x0040a6ba                LPI2C1_Master_Slave_IRQHandler
 .mcal_text     0x0040a6c0      0xde8 ./RTD/src/Lpuart_Uart_Ip.o
                0x0040a914                Lpuart_Uart_Ip_Init
                0x0040aa64                Lpuart_Uart_Ip_Deinit
                0x0040aae4                Lpuart_Uart_Ip_SyncSend
                0x0040abe8                Lpuart_Uart_Ip_AsyncSend
                0x0040aca8                Lpuart_Uart_Ip_GetTransmitStatus
                0x0040ad10                Lpuart_Uart_Ip_AbortSendingData
                0x0040ad78                Lpuart_Uart_Ip_SyncReceive
                0x0040af14                Lpuart_Uart_Ip_AsyncReceive
                0x0040b00c                Lpuart_Uart_Ip_GetReceiveStatus
                0x0040b074                Lpuart_Uart_Ip_AbortReceivingData
                0x0040b0f0                Lpuart_Uart_Ip_SetBaudRate
                0x0040b1f4                Lpuart_Uart_Ip_GetBaudRate
                0x0040b220                Lpuart_Uart_Ip_SetTxBuffer
                0x0040b254                Lpuart_Uart_Ip_SetRxBuffer
                0x0040b288                Lpuart_Uart_Ip_IrqHandler
 .mcal_text     0x0040b4a8       0x12 ./RTD/src/Lpuart_Uart_Ip_Irq.o
                0x0040b4a8                LPUART_UART_IP_0_IRQHandler
                0x0040b4ae                LPUART_UART_IP_8_IRQHandler
                0x0040b4b4                LPUART_UART_IP_9_IRQHandler
 .mcal_text     0x0040b4ba       0x1e ./RTD/src/OsIf_Timer.o
                0x0040b4ba                OsIf_Init
                0x0040b4c2                OsIf_GetCounter
                0x0040b4c6                OsIf_GetElapsed
                0x0040b4ce                OsIf_SetTimerFrequency
                0x0040b4d0                OsIf_MicrosToTicks
 .mcal_text     0x0040b4d8       0x4c ./RTD/src/OsIf_Timer_System_Internal_Systick.o
                0x0040b4d8                OsIf_Timer_System_Internal_Init
                0x0040b4ee                OsIf_Timer_System_Internal_GetCounter
                0x0040b4fa                OsIf_Timer_System_Internal_GetElapsed
 .mcal_text     0x0040b524       0xc8 ./RTD/src/SchM_BaseNXP.o
                0x0040b524                SchM_Enter_BaseNXP_BASENXP_EXCLUSIVE_AREA_00
                0x0040b558                SchM_Exit_BaseNXP_BASENXP_EXCLUSIVE_AREA_00
                0x0040b588                SchM_Enter_BaseNXP_BASENXP_EXCLUSIVE_AREA_01
                0x0040b5bc                SchM_Exit_BaseNXP_BASENXP_EXCLUSIVE_AREA_01
 .mcal_text     0x0040b5ec      0x960 ./RTD/src/SchM_Can_43_FLEXCAN.o
                0x0040b5ec                SchM_Enter_Can_43_FLEXCAN_CAN_EXCLUSIVE_AREA_00
                0x0040b620                SchM_Exit_Can_43_FLEXCAN_CAN_EXCLUSIVE_AREA_00
                0x0040b650                SchM_Enter_Can_43_FLEXCAN_CAN_EXCLUSIVE_AREA_01
                0x0040b684                SchM_Exit_Can_43_FLEXCAN_CAN_EXCLUSIVE_AREA_01
                0x0040b6b4                SchM_Enter_Can_43_FLEXCAN_CAN_EXCLUSIVE_AREA_02
                0x0040b6e8                SchM_Exit_Can_43_FLEXCAN_CAN_EXCLUSIVE_AREA_02
                0x0040b718                SchM_Enter_Can_43_FLEXCAN_CAN_EXCLUSIVE_AREA_03
                0x0040b74c                SchM_Exit_Can_43_FLEXCAN_CAN_EXCLUSIVE_AREA_03
                0x0040b77c                SchM_Enter_Can_43_FLEXCAN_CAN_EXCLUSIVE_AREA_04
                0x0040b7b0                SchM_Exit_Can_43_FLEXCAN_CAN_EXCLUSIVE_AREA_04
                0x0040b7e0                SchM_Enter_Can_43_FLEXCAN_CAN_EXCLUSIVE_AREA_05
                0x0040b814                SchM_Exit_Can_43_FLEXCAN_CAN_EXCLUSIVE_AREA_05
                0x0040b844                SchM_Enter_Can_43_FLEXCAN_CAN_EXCLUSIVE_AREA_06
                0x0040b878                SchM_Exit_Can_43_FLEXCAN_CAN_EXCLUSIVE_AREA_06
                0x0040b8a8                SchM_Enter_Can_43_FLEXCAN_CAN_EXCLUSIVE_AREA_07
                0x0040b8dc                SchM_Exit_Can_43_FLEXCAN_CAN_EXCLUSIVE_AREA_07
                0x0040b90c                SchM_Enter_Can_43_FLEXCAN_CAN_EXCLUSIVE_AREA_08
                0x0040b940                SchM_Exit_Can_43_FLEXCAN_CAN_EXCLUSIVE_AREA_08
                0x0040b970                SchM_Enter_Can_43_FLEXCAN_CAN_EXCLUSIVE_AREA_09
                0x0040b9a4                SchM_Exit_Can_43_FLEXCAN_CAN_EXCLUSIVE_AREA_09
                0x0040b9d4                SchM_Enter_Can_43_FLEXCAN_CAN_EXCLUSIVE_AREA_10
                0x0040ba08                SchM_Exit_Can_43_FLEXCAN_CAN_EXCLUSIVE_AREA_10
                0x0040ba38                SchM_Enter_Can_43_FLEXCAN_CAN_EXCLUSIVE_AREA_11
                0x0040ba6c                SchM_Exit_Can_43_FLEXCAN_CAN_EXCLUSIVE_AREA_11
                0x0040ba9c                SchM_Enter_Can_43_FLEXCAN_CAN_EXCLUSIVE_AREA_12
                0x0040bad0                SchM_Exit_Can_43_FLEXCAN_CAN_EXCLUSIVE_AREA_12
                0x0040bb00                SchM_Enter_Can_43_FLEXCAN_CAN_EXCLUSIVE_AREA_13
                0x0040bb34                SchM_Exit_Can_43_FLEXCAN_CAN_EXCLUSIVE_AREA_13
                0x0040bb64                SchM_Enter_Can_43_FLEXCAN_CAN_EXCLUSIVE_AREA_14
                0x0040bb98                SchM_Exit_Can_43_FLEXCAN_CAN_EXCLUSIVE_AREA_14
                0x0040bbc8                SchM_Enter_Can_43_FLEXCAN_CAN_EXCLUSIVE_AREA_15
                0x0040bbfc                SchM_Exit_Can_43_FLEXCAN_CAN_EXCLUSIVE_AREA_15
                0x0040bc2c                SchM_Enter_Can_43_FLEXCAN_CAN_EXCLUSIVE_AREA_16
                0x0040bc60                SchM_Exit_Can_43_FLEXCAN_CAN_EXCLUSIVE_AREA_16
                0x0040bc90                SchM_Enter_Can_43_FLEXCAN_CAN_EXCLUSIVE_AREA_17
                0x0040bcc4                SchM_Exit_Can_43_FLEXCAN_CAN_EXCLUSIVE_AREA_17
                0x0040bcf4                SchM_Enter_Can_43_FLEXCAN_CAN_EXCLUSIVE_AREA_18
                0x0040bd28                SchM_Exit_Can_43_FLEXCAN_CAN_EXCLUSIVE_AREA_18
                0x0040bd58                SchM_Enter_Can_43_FLEXCAN_CAN_EXCLUSIVE_AREA_19
                0x0040bd8c                SchM_Exit_Can_43_FLEXCAN_CAN_EXCLUSIVE_AREA_19
                0x0040bdbc                SchM_Enter_Can_43_FLEXCAN_CAN_EXCLUSIVE_AREA_20
                0x0040bdf0                SchM_Exit_Can_43_FLEXCAN_CAN_EXCLUSIVE_AREA_20
                0x0040be20                SchM_Enter_Can_43_FLEXCAN_CAN_EXCLUSIVE_AREA_21
                0x0040be54                SchM_Exit_Can_43_FLEXCAN_CAN_EXCLUSIVE_AREA_21
                0x0040be84                SchM_Enter_Can_43_FLEXCAN_CAN_EXCLUSIVE_AREA_22
                0x0040beb8                SchM_Exit_Can_43_FLEXCAN_CAN_EXCLUSIVE_AREA_22
                0x0040bee8                SchM_Enter_Can_43_FLEXCAN_CAN_EXCLUSIVE_AREA_23
                0x0040bf1c                SchM_Exit_Can_43_FLEXCAN_CAN_EXCLUSIVE_AREA_23
 .mcal_text     0x0040bf4c       0xc8 ./RTD/src/SchM_Dio.o
                0x0040bf4c                SchM_Enter_Dio_DIO_EXCLUSIVE_AREA_00
                0x0040bf80                SchM_Exit_Dio_DIO_EXCLUSIVE_AREA_00
                0x0040bfb0                SchM_Enter_Dio_DIO_EXCLUSIVE_AREA_01
                0x0040bfe4                SchM_Exit_Dio_DIO_EXCLUSIVE_AREA_01
 .mcal_text     0x0040c014      0xce4 ./RTD/src/SchM_I2c.o
                0x0040c014                SchM_Enter_I2c_I2C_EXCLUSIVE_AREA_00
                0x0040c048                SchM_Exit_I2c_I2C_EXCLUSIVE_AREA_00
                0x0040c078                SchM_Enter_I2c_I2C_EXCLUSIVE_AREA_01
                0x0040c0ac                SchM_Exit_I2c_I2C_EXCLUSIVE_AREA_01
                0x0040c0dc                SchM_Enter_I2c_I2C_EXCLUSIVE_AREA_02
                0x0040c110                SchM_Exit_I2c_I2C_EXCLUSIVE_AREA_02
                0x0040c140                SchM_Enter_I2c_I2C_EXCLUSIVE_AREA_03
                0x0040c174                SchM_Exit_I2c_I2C_EXCLUSIVE_AREA_03
                0x0040c1a4                SchM_Enter_I2c_I2C_EXCLUSIVE_AREA_04
                0x0040c1d8                SchM_Exit_I2c_I2C_EXCLUSIVE_AREA_04
                0x0040c208                SchM_Enter_I2c_I2C_EXCLUSIVE_AREA_05
                0x0040c23c                SchM_Exit_I2c_I2C_EXCLUSIVE_AREA_05
                0x0040c26c                SchM_Enter_I2c_I2C_EXCLUSIVE_AREA_06
                0x0040c2a0                SchM_Exit_I2c_I2C_EXCLUSIVE_AREA_06
                0x0040c2d0                SchM_Enter_I2c_I2C_EXCLUSIVE_AREA_07
                0x0040c304                SchM_Exit_I2c_I2C_EXCLUSIVE_AREA_07
                0x0040c334                SchM_Enter_I2c_I2C_EXCLUSIVE_AREA_08
                0x0040c368                SchM_Exit_I2c_I2C_EXCLUSIVE_AREA_08
                0x0040c398                SchM_Enter_I2c_I2C_EXCLUSIVE_AREA_09
                0x0040c3cc                SchM_Exit_I2c_I2C_EXCLUSIVE_AREA_09
                0x0040c3fc                SchM_Enter_I2c_I2C_EXCLUSIVE_AREA_10
                0x0040c430                SchM_Exit_I2c_I2C_EXCLUSIVE_AREA_10
                0x0040c460                SchM_Enter_I2c_I2C_EXCLUSIVE_AREA_11
                0x0040c494                SchM_Exit_I2c_I2C_EXCLUSIVE_AREA_11
                0x0040c4c4                SchM_Enter_I2c_I2C_EXCLUSIVE_AREA_12
                0x0040c4f8                SchM_Exit_I2c_I2C_EXCLUSIVE_AREA_12
                0x0040c528                SchM_Enter_I2c_I2C_EXCLUSIVE_AREA_13
                0x0040c55c                SchM_Exit_I2c_I2C_EXCLUSIVE_AREA_13
                0x0040c58c                SchM_Enter_I2c_I2C_EXCLUSIVE_AREA_14
                0x0040c5c0                SchM_Exit_I2c_I2C_EXCLUSIVE_AREA_14
                0x0040c5f0                SchM_Enter_I2c_I2C_EXCLUSIVE_AREA_15
                0x0040c624                SchM_Exit_I2c_I2C_EXCLUSIVE_AREA_15
                0x0040c654                SchM_Enter_I2c_I2C_EXCLUSIVE_AREA_16
                0x0040c688                SchM_Exit_I2c_I2C_EXCLUSIVE_AREA_16
                0x0040c6b8                SchM_Enter_I2c_I2C_EXCLUSIVE_AREA_17
                0x0040c6ec                SchM_Exit_I2c_I2C_EXCLUSIVE_AREA_17
                0x0040c71c                SchM_Enter_I2c_I2C_EXCLUSIVE_AREA_18
                0x0040c750                SchM_Exit_I2c_I2C_EXCLUSIVE_AREA_18
                0x0040c780                SchM_Enter_I2c_I2C_EXCLUSIVE_AREA_19
                0x0040c7b4                SchM_Exit_I2c_I2C_EXCLUSIVE_AREA_19
                0x0040c7e4                SchM_Enter_I2c_I2C_EXCLUSIVE_AREA_20
                0x0040c818                SchM_Exit_I2c_I2C_EXCLUSIVE_AREA_20
                0x0040c848                SchM_Enter_I2c_I2C_EXCLUSIVE_AREA_21
                0x0040c87c                SchM_Exit_I2c_I2C_EXCLUSIVE_AREA_21
                0x0040c8ac                SchM_Enter_I2c_I2C_EXCLUSIVE_AREA_22
                0x0040c8e0                SchM_Exit_I2c_I2C_EXCLUSIVE_AREA_22
                0x0040c910                SchM_Enter_I2c_I2C_EXCLUSIVE_AREA_23
                0x0040c944                SchM_Exit_I2c_I2C_EXCLUSIVE_AREA_23
                0x0040c974                SchM_Enter_I2c_I2C_EXCLUSIVE_AREA_24
                0x0040c9a8                SchM_Exit_I2c_I2C_EXCLUSIVE_AREA_24
                0x0040c9d8                SchM_Enter_I2c_I2C_EXCLUSIVE_AREA_25
                0x0040ca0c                SchM_Exit_I2c_I2C_EXCLUSIVE_AREA_25
                0x0040ca3c                SchM_Enter_I2c_I2C_EXCLUSIVE_AREA_26
                0x0040ca70                SchM_Exit_I2c_I2C_EXCLUSIVE_AREA_26
                0x0040caa0                SchM_Enter_I2c_I2C_EXCLUSIVE_AREA_27
                0x0040cad4                SchM_Exit_I2c_I2C_EXCLUSIVE_AREA_27
                0x0040cb04                SchM_Enter_I2c_I2C_EXCLUSIVE_AREA_28
                0x0040cb38                SchM_Exit_I2c_I2C_EXCLUSIVE_AREA_28
                0x0040cb68                SchM_Enter_I2c_I2C_EXCLUSIVE_AREA_29
                0x0040cb9c                SchM_Exit_I2c_I2C_EXCLUSIVE_AREA_29
                0x0040cbcc                SchM_Enter_I2c_I2C_EXCLUSIVE_AREA_30
                0x0040cc00                SchM_Exit_I2c_I2C_EXCLUSIVE_AREA_30
                0x0040cc30                SchM_Enter_I2c_I2C_EXCLUSIVE_AREA_31
                0x0040cc64                SchM_Exit_I2c_I2C_EXCLUSIVE_AREA_31
                0x0040cc94                SchM_Enter_I2c_I2C_EXCLUSIVE_AREA_32
                0x0040ccc8                SchM_Exit_I2c_I2C_EXCLUSIVE_AREA_32
 .mcal_text     0x0040ccf8      0x12c ./RTD/src/SchM_Mcu.o
                0x0040ccf8                SchM_Enter_Mcu_MCU_EXCLUSIVE_AREA_00
                0x0040cd2c                SchM_Exit_Mcu_MCU_EXCLUSIVE_AREA_00
                0x0040cd5c                SchM_Enter_Mcu_MCU_EXCLUSIVE_AREA_01
                0x0040cd90                SchM_Exit_Mcu_MCU_EXCLUSIVE_AREA_01
                0x0040cdc0                SchM_Enter_Mcu_MCU_EXCLUSIVE_AREA_02
                0x0040cdf4                SchM_Exit_Mcu_MCU_EXCLUSIVE_AREA_02
 .mcal_text     0x0040ce24      0xaf0 ./RTD/src/SchM_Port.o
                0x0040ce24                SchM_Enter_Port_PORT_EXCLUSIVE_AREA_00
                0x0040ce58                SchM_Exit_Port_PORT_EXCLUSIVE_AREA_00
                0x0040ce88                SchM_Enter_Port_PORT_EXCLUSIVE_AREA_01
                0x0040cebc                SchM_Exit_Port_PORT_EXCLUSIVE_AREA_01
                0x0040ceec                SchM_Enter_Port_PORT_EXCLUSIVE_AREA_02
                0x0040cf20                SchM_Exit_Port_PORT_EXCLUSIVE_AREA_02
                0x0040cf50                SchM_Enter_Port_PORT_EXCLUSIVE_AREA_03
                0x0040cf84                SchM_Exit_Port_PORT_EXCLUSIVE_AREA_03
                0x0040cfb4                SchM_Enter_Port_PORT_EXCLUSIVE_AREA_04
                0x0040cfe8                SchM_Exit_Port_PORT_EXCLUSIVE_AREA_04
                0x0040d018                SchM_Enter_Port_PORT_EXCLUSIVE_AREA_05
                0x0040d04c                SchM_Exit_Port_PORT_EXCLUSIVE_AREA_05
                0x0040d07c                SchM_Enter_Port_PORT_EXCLUSIVE_AREA_06
                0x0040d0b0                SchM_Exit_Port_PORT_EXCLUSIVE_AREA_06
                0x0040d0e0                SchM_Enter_Port_PORT_EXCLUSIVE_AREA_07
                0x0040d114                SchM_Exit_Port_PORT_EXCLUSIVE_AREA_07
                0x0040d144                SchM_Enter_Port_PORT_EXCLUSIVE_AREA_08
                0x0040d178                SchM_Exit_Port_PORT_EXCLUSIVE_AREA_08
                0x0040d1a8                SchM_Enter_Port_PORT_EXCLUSIVE_AREA_09
                0x0040d1dc                SchM_Exit_Port_PORT_EXCLUSIVE_AREA_09
                0x0040d20c                SchM_Enter_Port_PORT_EXCLUSIVE_AREA_10
                0x0040d240                SchM_Exit_Port_PORT_EXCLUSIVE_AREA_10
                0x0040d270                SchM_Enter_Port_PORT_EXCLUSIVE_AREA_11
                0x0040d2a4                SchM_Exit_Port_PORT_EXCLUSIVE_AREA_11
                0x0040d2d4                SchM_Enter_Port_PORT_EXCLUSIVE_AREA_12
                0x0040d308                SchM_Exit_Port_PORT_EXCLUSIVE_AREA_12
                0x0040d338                SchM_Enter_Port_PORT_EXCLUSIVE_AREA_13
                0x0040d36c                SchM_Exit_Port_PORT_EXCLUSIVE_AREA_13
                0x0040d39c                SchM_Enter_Port_PORT_EXCLUSIVE_AREA_14
                0x0040d3d0                SchM_Exit_Port_PORT_EXCLUSIVE_AREA_14
                0x0040d400                SchM_Enter_Port_PORT_EXCLUSIVE_AREA_15
                0x0040d434                SchM_Exit_Port_PORT_EXCLUSIVE_AREA_15
                0x0040d464                SchM_Enter_Port_PORT_EXCLUSIVE_AREA_16
                0x0040d498                SchM_Exit_Port_PORT_EXCLUSIVE_AREA_16
                0x0040d4c8                SchM_Enter_Port_PORT_EXCLUSIVE_AREA_17
                0x0040d4fc                SchM_Exit_Port_PORT_EXCLUSIVE_AREA_17
                0x0040d52c                SchM_Enter_Port_PORT_EXCLUSIVE_AREA_18
                0x0040d560                SchM_Exit_Port_PORT_EXCLUSIVE_AREA_18
                0x0040d590                SchM_Enter_Port_PORT_EXCLUSIVE_AREA_19
                0x0040d5c4                SchM_Exit_Port_PORT_EXCLUSIVE_AREA_19
                0x0040d5f4                SchM_Enter_Port_PORT_EXCLUSIVE_AREA_20
                0x0040d628                SchM_Exit_Port_PORT_EXCLUSIVE_AREA_20
                0x0040d658                SchM_Enter_Port_PORT_EXCLUSIVE_AREA_21
                0x0040d68c                SchM_Exit_Port_PORT_EXCLUSIVE_AREA_21
                0x0040d6bc                SchM_Enter_Port_PORT_EXCLUSIVE_AREA_22
                0x0040d6f0                SchM_Exit_Port_PORT_EXCLUSIVE_AREA_22
                0x0040d720                SchM_Enter_Port_PORT_EXCLUSIVE_AREA_23
                0x0040d754                SchM_Exit_Port_PORT_EXCLUSIVE_AREA_23
                0x0040d784                SchM_Enter_Port_PORT_EXCLUSIVE_AREA_24
                0x0040d7b8                SchM_Exit_Port_PORT_EXCLUSIVE_AREA_24
                0x0040d7e8                SchM_Enter_Port_PORT_EXCLUSIVE_AREA_25
                0x0040d81c                SchM_Exit_Port_PORT_EXCLUSIVE_AREA_25
                0x0040d84c                SchM_Enter_Port_PORT_EXCLUSIVE_AREA_26
                0x0040d880                SchM_Exit_Port_PORT_EXCLUSIVE_AREA_26
                0x0040d8b0                SchM_Enter_Port_PORT_EXCLUSIVE_AREA_27
                0x0040d8e4                SchM_Exit_Port_PORT_EXCLUSIVE_AREA_27
 .mcal_text     0x0040d914      0x898 ./RTD/src/SchM_Uart.o
                0x0040d914                SchM_Enter_Uart_UART_EXCLUSIVE_AREA_00
                0x0040d948                SchM_Exit_Uart_UART_EXCLUSIVE_AREA_00
                0x0040d978                SchM_Enter_Uart_UART_EXCLUSIVE_AREA_01
                0x0040d9ac                SchM_Exit_Uart_UART_EXCLUSIVE_AREA_01
                0x0040d9dc                SchM_Enter_Uart_UART_EXCLUSIVE_AREA_02
                0x0040da10                SchM_Exit_Uart_UART_EXCLUSIVE_AREA_02
                0x0040da40                SchM_Enter_Uart_UART_EXCLUSIVE_AREA_03
                0x0040da74                SchM_Exit_Uart_UART_EXCLUSIVE_AREA_03
                0x0040daa4                SchM_Enter_Uart_UART_EXCLUSIVE_AREA_04
                0x0040dad8                SchM_Exit_Uart_UART_EXCLUSIVE_AREA_04
                0x0040db08                SchM_Enter_Uart_UART_EXCLUSIVE_AREA_05
                0x0040db3c                SchM_Exit_Uart_UART_EXCLUSIVE_AREA_05
                0x0040db6c                SchM_Enter_Uart_UART_EXCLUSIVE_AREA_06
                0x0040dba0                SchM_Exit_Uart_UART_EXCLUSIVE_AREA_06
                0x0040dbd0                SchM_Enter_Uart_UART_EXCLUSIVE_AREA_07
                0x0040dc04                SchM_Exit_Uart_UART_EXCLUSIVE_AREA_07
                0x0040dc34                SchM_Enter_Uart_UART_EXCLUSIVE_AREA_08
                0x0040dc68                SchM_Exit_Uart_UART_EXCLUSIVE_AREA_08
                0x0040dc98                SchM_Enter_Uart_UART_EXCLUSIVE_AREA_09
                0x0040dccc                SchM_Exit_Uart_UART_EXCLUSIVE_AREA_09
                0x0040dcfc                SchM_Enter_Uart_UART_EXCLUSIVE_AREA_10
                0x0040dd30                SchM_Exit_Uart_UART_EXCLUSIVE_AREA_10
                0x0040dd60                SchM_Enter_Uart_UART_EXCLUSIVE_AREA_11
                0x0040dd94                SchM_Exit_Uart_UART_EXCLUSIVE_AREA_11
                0x0040ddc4                SchM_Enter_Uart_UART_EXCLUSIVE_AREA_12
                0x0040ddf8                SchM_Exit_Uart_UART_EXCLUSIVE_AREA_12
                0x0040de28                SchM_Enter_Uart_UART_EXCLUSIVE_AREA_13
                0x0040de5c                SchM_Exit_Uart_UART_EXCLUSIVE_AREA_13
                0x0040de8c                SchM_Enter_Uart_UART_EXCLUSIVE_AREA_14
                0x0040dec0                SchM_Exit_Uart_UART_EXCLUSIVE_AREA_14
                0x0040def0                SchM_Enter_Uart_UART_EXCLUSIVE_AREA_15
                0x0040df24                SchM_Exit_Uart_UART_EXCLUSIVE_AREA_15
                0x0040df54                SchM_Enter_Uart_UART_EXCLUSIVE_AREA_16
                0x0040df88                SchM_Exit_Uart_UART_EXCLUSIVE_AREA_16
                0x0040dfb8                SchM_Enter_Uart_UART_EXCLUSIVE_AREA_17
                0x0040dfec                SchM_Exit_Uart_UART_EXCLUSIVE_AREA_17
                0x0040e01c                SchM_Enter_Uart_UART_EXCLUSIVE_AREA_18
                0x0040e050                SchM_Exit_Uart_UART_EXCLUSIVE_AREA_18
                0x0040e080                SchM_Enter_Uart_UART_EXCLUSIVE_AREA_19
                0x0040e0b4                SchM_Exit_Uart_UART_EXCLUSIVE_AREA_19
                0x0040e0e4                SchM_Enter_Uart_UART_EXCLUSIVE_AREA_20
                0x0040e118                SchM_Exit_Uart_UART_EXCLUSIVE_AREA_20
                0x0040e148                SchM_Enter_Uart_UART_EXCLUSIVE_AREA_21
                0x0040e17c                SchM_Exit_Uart_UART_EXCLUSIVE_AREA_21
 .mcal_text     0x0040e1ac      0x1e0 ./RTD/src/Siul2_Dio_Ip.o
                0x0040e1e2                Siul2_Dio_Ip_WritePin
                0x0040e24e                Siul2_Dio_Ip_SetGPDO
                0x0040e268                Siul2_Dio_Ip_ClearGPDO
                0x0040e284                Siul2_Dio_Ip_WritePins
                0x0040e29c                Siul2_Dio_Ip_GetPinsOutput
                0x0040e2b4                Siul2_Dio_Ip_SetPins
                0x0040e2d2                Siul2_Dio_Ip_ClearPins
                0x0040e2f2                Siul2_Dio_Ip_TogglePins
                0x0040e310                Siul2_Dio_Ip_ReadPins
                0x0040e32a                Siul2_Dio_Ip_ReadPin
                0x0040e35c                Siul2_Dio_Ip_MaskedWritePins
 .mcal_text     0x0040e38c      0x458 ./RTD/src/Siul2_Port_Ip.o
                0x0040e4e0                Siul2_Port_Ip_Init
                0x0040e510                Siul2_Port_Ip_SetPullSel
                0x0040e56c                Siul2_Port_Ip_SetOutputBuffer
                0x0040e5d2                Siul2_Port_Ip_SetInputBuffer
                0x0040e642                Siul2_Port_Ip_SetPinDirection
                0x0040e6ba                Siul2_Port_Ip_RevertPinConfiguration
                0x0040e71c                Siul2_Port_Ip_GetPinConfiguration
 .mcal_text     0x0040e7e4      0x120 ./RTD/src/Tspc_Port_Ip.o
                0x0040e7e4                Tspc_Port_Ip_EnableObeGroup
                0x0040e814                Tspc_Port_Ip_DisableObeGroup
                0x0040e844                Tspc_Port_Ip_MaskObeGroup
                0x0040e862                Tspc_Port_Ip_ConfigureObeGroup
                0x0040e904                . = ALIGN (0x4)
 *(.acmcu_code_rom)
                0x0040e904                . = ALIGN (0x4)
                0x0040e904                __acfls_code_rom_start = .
 *(.acfls_code_rom)
 .acfls_code_rom
                0x0040e904       0x74 ./RTD/src/Clock_Ip_Specific.o
                0x0040e904                Clock_Ip_PRAMCSetRamIWS
 .acfls_code_rom.__stub
                0x0040e978        0x8 linker stubs
                0x0040e980                . = ALIGN (0x4)
                0x0040e980                __acfls_code_rom_end = .
                0x0040e980                __acmem_43_infls_code_rom_start = .
 *(.acmem_43_infls_code_rom)
                0x0040e980                . = ALIGN (0x4)
                0x0040e980                __acmem_43_infls_code_rom_end = .
 *(.init)
                0x0040e980                . = ALIGN (0x4)
 *(.fini)
                0x0040e980                . = ALIGN (0x4)
 *(.rodata)
 .rodata        0x0040e980        0x3 ./RTD/src/Clock_Ip_IntOsc.o
 *fill*         0x0040e983        0x1 
 .rodata        0x0040e984       0x98 ./RTD/src/FlexCAN_Ip_HwAccess.o
 .rodata        0x0040ea1c       0x20 ./RTD/src/Lpi2c_Ip.o
 .rodata        0x0040ea3c       0x30 ./RTD/src/Lpuart_Uart_Ip.o
 .rodata        0x0040ea6c        0x4 ./RTD/src/Siul2_Port_Ip.o
                0x0040ea6c                Port_au32Siul2BaseAddr
 .rodata        0x0040ea70       0x10 ./board/dcf_config.o
                0x0040ea70                dcf_commands
 .rodata        0x0040ea80      0x100 ./board/ivt_config.o
                0x0040ea80                ivt_binary
 .rodata        0x0040eb80       0x21 ./src/SEGGER_RTT.o
 .rodata        0x0040eba1       0x10 ./src/SEGGER_RTT_printf.o
 *fill*         0x0040ebb1        0x3 
 .rodata        0x0040ebb4       0x74 ./src/main.o
                0x0040ebb4                mip_ping
                0x0040ebbc                expected_enable_ack
                0x0040ebc6                mip_enable_stream
                0x0040ebd1                expected_format_ack
                0x0040ebdb                mip_set_imu_format
                0x0040ebeb                expected_ping_ack
                0x0040ebf8                CAN0_EnhanceFIFO_IdFilerTable
 *(.rodata*)
 .rodata.str1.1
                0x0040ec28        0x9 ./src/SEGGER_RTT.o
 .rodata.str1.1
                0x0040ec31       0x63 ./src/main.o
                0x0040ec94                . = ALIGN (0x4)
 *(.mcal_const_cfg)
 .mcal_const_cfg
                0x0040ec94      0x6c0 ./board/Siul2_Port_Ip_Cfg.o
                0x0040ec94                g_pin_mux_InitConfigArr_PortContainer_0_BOARD_InitPeripherals
 *fill*         0x0040f354        0x4 
 .mcal_const_cfg
                0x0040f358      0x7fc ./generate/src/Clock_Ip_Cfg.o
                0x0040f358                Clock_Ip_aClockConfig
 .mcal_const_cfg
                0x0040fb54       0x68 ./generate/src/FlexCAN_Ip_Sa_PBcfg.o
                0x0040fb54                FlexCAN_Config0
 .mcal_const_cfg
                0x0040fbbc       0x20 ./generate/src/IntCtrl_Ip_Cfg.o
                0x0040fbbc                IntCtrlConfig_0
 .mcal_const_cfg
                0x0040fbdc       0x78 ./generate/src/Lpuart_Uart_Ip_Sa_PBcfg.o
                0x0040fbdc                Lpuart_Uart_Ip_xHwConfigPB_8
                0x0040fc04                Lpuart_Uart_Ip_xHwConfigPB_9
                0x0040fc2c                Lpuart_Uart_Ip_xHwConfigPB_0
                0x0040fc54                . = ALIGN (0x4)
 *(.mcal_const)
 .mcal_const    0x0040fc54     0x12de ./RTD/src/Clock_Ip_Data.o
                0x0040fc54                Clock_Ip_axGateInfo
                0x0041033c                Clock_Ip_axFeatureExtensions
                0x0041058c                Clock_Ip_aeHwDfsName
                0x00410590                Clock_Ip_aeHwPllName
                0x00410598                Clock_Ip_aeSourceTypeClockName
                0x0041060c                Clock_Ip_apxMcMeTriggerPartitions
                0x0041061c                Clock_Ip_apxMcMeGetPartitions
                0x0041062c                Clock_Ip_apxMcMeSetPartitions
                0x0041063c                Clock_Ip_axCmuInfo
                0x004106c8                Clock_Ip_aeCmuNames
                0x004106e4                Clock_Ip_apxCmu
                0x00410700                Clock_Ip_apxPll
                0x00410710                Clock_Ip_apxXosc
                0x00410718                Clock_Ip_apxCgmPcfs
                0x0041071c                Clock_Ip_apxCgm
                0x00410770                Clock_Ip_au16SelectorEntryRtcHardwareValue
                0x004107aa                Clock_Ip_au16SelectorEntryHardwareValue
                0x004107e4                Clock_Ip_au8SoftwareMuxResetValue
                0x00410895                Clock_Ip_au8ClockFeatures
                0x00410ece                Clock_Ip_au8CmuCallbackIndex
                0x00410ed8                Clock_Ip_au8PcfsCallbackIndex
                0x00410ee2                Clock_Ip_au8SelectorCallbackIndex
                0x00410eec                Clock_Ip_au8PllCallbackIndex
                0x00410ef6                Clock_Ip_au8FractionalDividerCallbackIndex
                0x00410f00                Clock_Ip_au8GateCallbackIndex
                0x00410f0a                Clock_Ip_au8IrcoscCallbackIndex
                0x00410f14                Clock_Ip_au8XoscCallbackIndex
                0x00410f1e                Clock_Ip_au8DividerTriggerCallbackIndex
                0x00410f28                Clock_Ip_au8DividerCallbackIndex
 *fill*         0x00410f32        0x2 
 .mcal_const    0x00410f34       0x14 ./RTD/src/Clock_Ip_Divider.o
                0x00410f34                Clock_Ip_axDividerCallbacks
 .mcal_const    0x00410f48       0x10 ./RTD/src/Clock_Ip_DividerTrigger.o
                0x00410f48                Clock_Ip_axDividerTriggerCallbacks
 .mcal_const    0x00410f58       0x30 ./RTD/src/Clock_Ip_ExtOsc.o
                0x00410f58                Clock_Ip_axExtOscCallbacks
 .mcal_const    0x00410f88        0xc ./RTD/src/Clock_Ip_FracDiv.o
                0x00410f88                Clock_Ip_axFracDivCallbacks
 .mcal_const    0x00410f94       0x10 ./RTD/src/Clock_Ip_Gate.o
                0x00410f94                Clock_Ip_axGateCallbacks
 .mcal_const    0x00410fa4       0x30 ./RTD/src/Clock_Ip_IntOsc.o
                0x00410fa4                Clock_Ip_axIntOscCallbacks
 .mcal_const    0x00410fd4       0x20 ./RTD/src/Clock_Ip_Monitor.o
                0x00410fd4                Clock_Ip_axCmuCallbacks
 .mcal_const    0x00410ff4       0x3c ./RTD/src/Clock_Ip_Pll.o
                0x00410ff4                Clock_Ip_axPllCallbacks
 .mcal_const    0x00411030        0x8 ./RTD/src/Clock_Ip_ProgFreqSwitch.o
                0x00411030                Clock_Ip_axPcfsCallbacks
 .mcal_const    0x00411038       0x28 ./RTD/src/Clock_Ip_Selector.o
                0x00411038                Clock_Ip_axSelectorCallbacks
 .mcal_const    0x00411060       0x20 ./RTD/src/FlexCAN_Ip.o
 .mcal_const    0x00411080        0x8 ./RTD/src/Lpi2c_Ip.o
 .mcal_const    0x00411088       0x40 ./RTD/src/Lpuart_Uart_Ip.o
                0x004110c8                . = ALIGN (0x4)
                0x004110c8                __init_table = .
 *(.init_table)
 .init_table    0x004110c8       0x4c ./Project_Settings/Startup_Code/startup_cm7.o
                0x00411114                . = ALIGN (0x4)
                0x00411114                __zero_table = .
 *(.zero_table)
 .zero_table    0x00411114       0x1c ./Project_Settings/Startup_Code/startup_cm7.o

.ARM.extab      0x00411130        0x0
 .ARM.extab     0x00411130        0x0 c:/nxp/s32ds.3.6.3/s32ds/build_tools/gcc_v10.2/gcc-10.2-arm32-eabi/bin/../lib/gcc/arm-none-eabi/10.2.0/thumb/v7e-m+fp/hard\libgcc.a(_udivmoddi4.o)

.ARM.exidx      0x00411130        0x8
 .ARM.exidx     0x00411130        0x8 c:/nxp/s32ds.3.6.3/s32ds/build_tools/gcc_v10.2/gcc-10.2-arm32-eabi/bin/../lib/gcc/arm-none-eabi/10.2.0/thumb/v7e-m+fp/hard\libgcc.a(_udivmoddi4.o)

.glue_7         0x00411138        0x0
 .glue_7        0x00411138        0x0 linker stubs

.glue_7t        0x00411138        0x0
 .glue_7t       0x00411138        0x0 linker stubs

.vfp11_veneer   0x00411138        0x0
 .vfp11_veneer  0x00411138        0x0 linker stubs

.v4_bx          0x00411138        0x0
 .v4_bx         0x00411138        0x0 linker stubs

.iplt           0x00411138        0x0
 .iplt          0x00411138        0x0 ./Project_Settings/Startup_Code/Vector_Table.o

.rel.dyn        0x00411138        0x0
 .rel.iplt      0x00411138        0x0 ./Project_Settings/Startup_Code/Vector_Table.o
                0x00411138                . = ALIGN (0x4)
                0x00411138                __text_end = .
                0x00411138                __sram_data_rom = __text_end

.sram_bss       0x20400000     0x118c
                0x20400000                . = ALIGN (0x8)
                0x20400000                __standby_ram_begin__ = .
 *(.standby_data)
                0x20400000                . = ALIGN (0x8)
                0x20400000                __standby_ram_end__ = .
                0x20400000                . = ALIGN (0x10)
                0x20400000                __sram_bss_start = .
 *(.bss)
 .bss           0x20400000        0x0 ./Project_Settings/Startup_Code/Vector_Table.o
 .bss           0x20400000        0x0 ./Project_Settings/Startup_Code/exceptions.o
 .bss           0x20400000        0x0 ./Project_Settings/Startup_Code/nvic.o
 .bss           0x20400000        0x0 ./Project_Settings/Startup_Code/startup.o
 .bss           0x20400000        0x0 ./Project_Settings/Startup_Code/startup_cm7.o
 .bss           0x20400000       0x80 ./Project_Settings/Startup_Code/system.o
                0x20400000                rbar
                0x20400040                rasr
 .bss           0x20400080        0x0 ./RTD/src/Clock_Ip.o
 .bss           0x20400080        0x0 ./RTD/src/Clock_Ip_Data.o
 .bss           0x20400080        0x0 ./RTD/src/Clock_Ip_Divider.o
 .bss           0x20400080        0x0 ./RTD/src/Clock_Ip_DividerTrigger.o
 .bss           0x20400080        0x0 ./RTD/src/Clock_Ip_ExtOsc.o
 .bss           0x20400080        0x0 ./RTD/src/Clock_Ip_FracDiv.o
 .bss           0x20400080        0x0 ./RTD/src/Clock_Ip_Frequency.o
 .bss           0x20400080        0x0 ./RTD/src/Clock_Ip_Gate.o
 .bss           0x20400080        0x0 ./RTD/src/Clock_Ip_IntOsc.o
 .bss           0x20400080        0x0 ./RTD/src/Clock_Ip_Irq.o
 .bss           0x20400080        0x0 ./RTD/src/Clock_Ip_Monitor.o
 .bss           0x20400080        0x0 ./RTD/src/Clock_Ip_Pll.o
 .bss           0x20400080        0x0 ./RTD/src/Clock_Ip_ProgFreqSwitch.o
 .bss           0x20400080        0x0 ./RTD/src/Clock_Ip_Selector.o
 .bss           0x20400080        0x0 ./RTD/src/Clock_Ip_Specific.o
 .bss           0x20400080        0x0 ./RTD/src/Det.o
 .bss           0x20400080        0x0 ./RTD/src/Det_stub.o
 .bss           0x20400080        0x0 ./RTD/src/FlexCAN_Ip.o
 .bss           0x20400080        0x0 ./RTD/src/FlexCAN_Ip_HwAccess.o
 .bss           0x20400080        0x0 ./RTD/src/FlexCAN_Ip_Irq.o
 .bss           0x20400080        0x0 ./RTD/src/Igf_Port_Ip.o
 .bss           0x20400080        0x0 ./RTD/src/IntCtrl_Ip.o
 .bss           0x20400080        0x0 ./RTD/src/Lpi2c_Ip.o
 .bss           0x20400080        0x0 ./RTD/src/Lpi2c_Ip_Irq.o
 .bss           0x20400080        0x0 ./RTD/src/Lpuart_Uart_Ip.o
 .bss           0x20400080        0x0 ./RTD/src/Lpuart_Uart_Ip_Irq.o
 .bss           0x20400080        0x0 ./RTD/src/OsIf_Interrupts.o
 .bss           0x20400080        0x0 ./RTD/src/OsIf_Software_Semaphore.o
 .bss           0x20400080        0x0 ./RTD/src/OsIf_Timer.o
 .bss           0x20400080        0x0 ./RTD/src/OsIf_Timer_System.o
 .bss           0x20400080        0x0 ./RTD/src/OsIf_Timer_System_Internal_Systick.o
 .bss           0x20400080        0x0 ./RTD/src/SchM_BaseNXP.o
 .bss           0x20400080        0x0 ./RTD/src/SchM_Can_43_FLEXCAN.o
 .bss           0x20400080        0x0 ./RTD/src/SchM_Dio.o
 .bss           0x20400080        0x0 ./RTD/src/SchM_I2c.o
 .bss           0x20400080        0x0 ./RTD/src/SchM_Mcu.o
 .bss           0x20400080        0x0 ./RTD/src/SchM_Port.o
 .bss           0x20400080        0x0 ./RTD/src/SchM_Uart.o
 .bss           0x20400080        0x0 ./RTD/src/Siul2_Dio_Ip.o
 .bss           0x20400080        0x0 ./RTD/src/Siul2_Port_Ip.o
 .bss           0x20400080        0x0 ./RTD/src/Tspc_Port_Ip.o
 .bss           0x20400080        0x0 ./board/Siul2_Port_Ip_Cfg.o
 .bss           0x20400080        0x0 ./board/Tspc_Port_Ip_Cfg.o
 .bss           0x20400080        0x0 ./board/dcf_config.o
 .bss           0x20400080        0x0 ./board/ivt_config.o
 .bss           0x20400080        0x0 ./generate/src/Clock_Ip_Cfg.o
 .bss           0x20400080        0x0 ./generate/src/FlexCAN_Ip_Sa_PBcfg.o
 .bss           0x20400080        0x0 ./generate/src/Igf_Port_Ip_Cfg.o
 .bss           0x20400080        0x0 ./generate/src/IntCtrl_Ip_Cfg.o
 .bss           0x20400080        0x0 ./generate/src/Lpi2c_Ip_Sa_PBcfg.o
 .bss           0x20400080        0x0 ./generate/src/Lpuart_Uart_Ip_Sa_PBcfg.o
 .bss           0x20400080        0x0 ./generate/src/OsIf_Cfg.o
 .bss           0x20400080      0x4b9 ./src/SEGGER_RTT.o
                0x20400080                _SEGGER_RTT
 .bss           0x20400539        0x0 ./src/SEGGER_RTT_ASM_ARMv7M.o
 .bss           0x20400539        0x0 ./src/SEGGER_RTT_Syscalls_GCC.o
 .bss           0x20400539        0x0 ./src/SEGGER_RTT_printf.o
 *fill*         0x20400539        0x3 
 .bss           0x2040053c       0xa8 ./src/main.o
                0x2040053c                count
                0x20400540                rxFifoData
                0x20400590                rxData
                0x204005e0                exit_code
 .bss           0x204005e4        0x0 c:/nxp/s32ds.3.6.3/s32ds/build_tools/gcc_v10.2/gcc-10.2-arm32-eabi/bin/../lib/gcc/arm-none-eabi/10.2.0/../../../../arm-none-eabi/lib/thumb/v7e-m+fp/hard\libc_nano.a(lib_a-memcpy-stub.o)
 .bss           0x204005e4        0x0 c:/nxp/s32ds.3.6.3/s32ds/build_tools/gcc_v10.2/gcc-10.2-arm32-eabi/bin/../lib/gcc/arm-none-eabi/10.2.0/../../../../arm-none-eabi/lib/thumb/v7e-m+fp/hard\libc_nano.a(lib_a-memmove.o)
 .bss           0x204005e4        0x0 c:/nxp/s32ds.3.6.3/s32ds/build_tools/gcc_v10.2/gcc-10.2-arm32-eabi/bin/../lib/gcc/arm-none-eabi/10.2.0/../../../../arm-none-eabi/lib/thumb/v7e-m+fp/hard\libc_nano.a(lib_a-memset.o)
 .bss           0x204005e4        0x0 c:/nxp/s32ds.3.6.3/s32ds/build_tools/gcc_v10.2/gcc-10.2-arm32-eabi/bin/../lib/gcc/arm-none-eabi/10.2.0/../../../../arm-none-eabi/lib/thumb/v7e-m+fp/hard\libc_nano.a(lib_a-strlen.o)
 .bss           0x204005e4        0x0 c:/nxp/s32ds.3.6.3/s32ds/build_tools/gcc_v10.2/gcc-10.2-arm32-eabi/bin/../lib/gcc/arm-none-eabi/10.2.0/thumb/v7e-m+fp/hard\libgcc.a(_aeabi_uldivmod.o)
 .bss           0x204005e4        0x0 c:/nxp/s32ds.3.6.3/s32ds/build_tools/gcc_v10.2/gcc-10.2-arm32-eabi/bin/../lib/gcc/arm-none-eabi/10.2.0/thumb/v7e-m+fp/hard\libgcc.a(_udivmoddi4.o)
 .bss           0x204005e4        0x0 c:/nxp/s32ds.3.6.3/s32ds/build_tools/gcc_v10.2/gcc-10.2-arm32-eabi/bin/../lib/gcc/arm-none-eabi/10.2.0/thumb/v7e-m+fp/hard\libgcc.a(_dvmd_tls.o)
 *(.bss*)
                0x204005f0                . = ALIGN (0x10)
 *fill*         0x204005e4        0xc 
 *(.mcal_bss)
 .mcal_bss      0x204005f0        0x4 ./Project_Settings/Startup_Code/system.o
                0x204005f0                RESET_CATCH_CORE
 .mcal_bss      0x204005f4       0xbd ./RTD/src/Clock_Ip.o
                0x204005f8                Clock_Ip_FreqIds
                0x204006ac                Clock_Ip_pxConfig
 *fill*         0x204006b1        0x3 
 .mcal_bss      0x204006b4       0x10 ./RTD/src/Clock_Ip_Monitor.o
 .mcal_bss      0x204006c4        0x4 ./RTD/src/Clock_Ip_ProgFreqSwitch.o
 .mcal_bss      0x204006c8        0xc ./RTD/src/Clock_Ip_Specific.o
 .mcal_bss      0x204006d4       0x20 ./RTD/src/FlexCAN_Ip.o
 .mcal_bss      0x204006f4      0x460 ./RTD/src/FlexCAN_Ip_HwAccess.o
 .mcal_bss      0x20400b54        0x8 ./RTD/src/Siul2_Port_Ip.o
 .mcal_bss      0x20400b5c      0x630 ./generate/src/FlexCAN_Ip_Sa_PBcfg.o
                0x20400b5c                FlexCAN_State0
                0x2040118c                . = ALIGN (0x4)
                0x2040118c                __sram_bss_end = .

.sram_data      0x2040118c       0xdc load address 0x00411138
                0x2040118c                . = ALIGN (0x4)
                0x2040118c                __sram_data_begin__ = .
                0x2040118c                . = ALIGN (0x4)
 *(.ramcode)
 .ramcode       0x2040118c       0xa4 ./RTD/src/Clock_Ip_Specific.o
                0x20401230                . = ALIGN (0x4)
 *(.data)
 .data          0x20401230        0x0 ./Project_Settings/Startup_Code/Vector_Table.o
 .data          0x20401230        0x0 ./Project_Settings/Startup_Code/exceptions.o
 .data          0x20401230        0x0 ./Project_Settings/Startup_Code/nvic.o
 .data          0x20401230        0x0 ./Project_Settings/Startup_Code/startup.o
 .data          0x20401230        0x0 ./Project_Settings/Startup_Code/startup_cm7.o
 .data          0x20401230        0x0 ./Project_Settings/Startup_Code/system.o
 .data          0x20401230        0x4 ./RTD/src/Clock_Ip.o
 .data          0x20401234        0x0 ./RTD/src/Clock_Ip_Data.o
 .data          0x20401234        0x0 ./RTD/src/Clock_Ip_Divider.o
 .data          0x20401234        0x0 ./RTD/src/Clock_Ip_DividerTrigger.o
 .data          0x20401234        0x0 ./RTD/src/Clock_Ip_ExtOsc.o
 .data          0x20401234        0x0 ./RTD/src/Clock_Ip_FracDiv.o
 .data          0x20401234        0x0 ./RTD/src/Clock_Ip_Frequency.o
 .data          0x20401234        0x0 ./RTD/src/Clock_Ip_Gate.o
 .data          0x20401234        0x0 ./RTD/src/Clock_Ip_IntOsc.o
 .data          0x20401234        0x0 ./RTD/src/Clock_Ip_Irq.o
 .data          0x20401234        0x0 ./RTD/src/Clock_Ip_Monitor.o
 .data          0x20401234        0x0 ./RTD/src/Clock_Ip_Pll.o
 .data          0x20401234        0x0 ./RTD/src/Clock_Ip_ProgFreqSwitch.o
 .data          0x20401234        0x0 ./RTD/src/Clock_Ip_Selector.o
 .data          0x20401234        0x0 ./RTD/src/Clock_Ip_Specific.o
 .data          0x20401234        0x0 ./RTD/src/Det.o
 .data          0x20401234        0x0 ./RTD/src/Det_stub.o
 .data          0x20401234        0x0 ./RTD/src/FlexCAN_Ip.o
 .data          0x20401234        0x0 ./RTD/src/FlexCAN_Ip_HwAccess.o
 .data          0x20401234        0x0 ./RTD/src/FlexCAN_Ip_Irq.o
 .data          0x20401234        0x0 ./RTD/src/Igf_Port_Ip.o
 .data          0x20401234        0x0 ./RTD/src/IntCtrl_Ip.o
 .data          0x20401234        0x0 ./RTD/src/Lpi2c_Ip.o
 .data          0x20401234        0x0 ./RTD/src/Lpi2c_Ip_Irq.o
 .data          0x20401234        0x0 ./RTD/src/Lpuart_Uart_Ip.o
 .data          0x20401234        0x0 ./RTD/src/Lpuart_Uart_Ip_Irq.o
 .data          0x20401234        0x0 ./RTD/src/OsIf_Interrupts.o
 .data          0x20401234        0x0 ./RTD/src/OsIf_Software_Semaphore.o
 .data          0x20401234        0x0 ./RTD/src/OsIf_Timer.o
 .data          0x20401234        0x0 ./RTD/src/OsIf_Timer_System.o
 .data          0x20401234        0x0 ./RTD/src/OsIf_Timer_System_Internal_Systick.o
 .data          0x20401234        0x0 ./RTD/src/SchM_BaseNXP.o
 .data          0x20401234        0x0 ./RTD/src/SchM_Can_43_FLEXCAN.o
 .data          0x20401234        0x0 ./RTD/src/SchM_Dio.o
 .data          0x20401234        0x0 ./RTD/src/SchM_I2c.o
 .data          0x20401234        0x0 ./RTD/src/SchM_Mcu.o
 .data          0x20401234        0x0 ./RTD/src/SchM_Port.o
 .data          0x20401234        0x0 ./RTD/src/SchM_Uart.o
 .data          0x20401234        0x0 ./RTD/src/Siul2_Dio_Ip.o
 .data          0x20401234        0x0 ./RTD/src/Siul2_Port_Ip.o
 .data          0x20401234        0x0 ./RTD/src/Tspc_Port_Ip.o
 .data          0x20401234        0x0 ./board/Siul2_Port_Ip_Cfg.o
 .data          0x20401234        0x0 ./board/Tspc_Port_Ip_Cfg.o
 .data          0x20401234        0x0 ./board/dcf_config.o
 .data          0x20401234        0x0 ./board/ivt_config.o
 .data          0x20401234        0x0 ./generate/src/Clock_Ip_Cfg.o
 .data          0x20401234        0x0 ./generate/src/FlexCAN_Ip_Sa_PBcfg.o
 .data          0x20401234        0x0 ./generate/src/Igf_Port_Ip_Cfg.o
 .data          0x20401234        0x0 ./generate/src/IntCtrl_Ip_Cfg.o
 .data          0x20401234        0x0 ./generate/src/Lpi2c_Ip_Sa_PBcfg.o
 .data          0x20401234        0x0 ./generate/src/Lpuart_Uart_Ip_Sa_PBcfg.o
 .data          0x20401234        0x0 ./generate/src/OsIf_Cfg.o
 .data          0x20401234        0x0 ./src/SEGGER_RTT.o
 .data          0x20401234        0x0 ./src/SEGGER_RTT_ASM_ARMv7M.o
 .data          0x20401234        0x0 ./src/SEGGER_RTT_Syscalls_GCC.o
 .data          0x20401234        0x0 ./src/SEGGER_RTT_printf.o
 .data          0x20401234       0x30 ./src/main.o
                0x20401234                rx_info
                0x20401244                tx_info
                0x20401254                dummyDataC0
                0x2040125c                dummyData
 .data          0x20401264        0x0 c:/nxp/s32ds.3.6.3/s32ds/build_tools/gcc_v10.2/gcc-10.2-arm32-eabi/bin/../lib/gcc/arm-none-eabi/10.2.0/../../../../arm-none-eabi/lib/thumb/v7e-m+fp/hard\libc_nano.a(lib_a-memcpy-stub.o)
 .data          0x20401264        0x0 c:/nxp/s32ds.3.6.3/s32ds/build_tools/gcc_v10.2/gcc-10.2-arm32-eabi/bin/../lib/gcc/arm-none-eabi/10.2.0/../../../../arm-none-eabi/lib/thumb/v7e-m+fp/hard\libc_nano.a(lib_a-memmove.o)
 .data          0x20401264        0x0 c:/nxp/s32ds.3.6.3/s32ds/build_tools/gcc_v10.2/gcc-10.2-arm32-eabi/bin/../lib/gcc/arm-none-eabi/10.2.0/../../../../arm-none-eabi/lib/thumb/v7e-m+fp/hard\libc_nano.a(lib_a-memset.o)
 .data          0x20401264        0x0 c:/nxp/s32ds.3.6.3/s32ds/build_tools/gcc_v10.2/gcc-10.2-arm32-eabi/bin/../lib/gcc/arm-none-eabi/10.2.0/../../../../arm-none-eabi/lib/thumb/v7e-m+fp/hard\libc_nano.a(lib_a-strlen.o)
 .data          0x20401264        0x0 c:/nxp/s32ds.3.6.3/s32ds/build_tools/gcc_v10.2/gcc-10.2-arm32-eabi/bin/../lib/gcc/arm-none-eabi/10.2.0/thumb/v7e-m+fp/hard\libgcc.a(_aeabi_uldivmod.o)
 .data          0x20401264        0x0 c:/nxp/s32ds.3.6.3/s32ds/build_tools/gcc_v10.2/gcc-10.2-arm32-eabi/bin/../lib/gcc/arm-none-eabi/10.2.0/thumb/v7e-m+fp/hard\libgcc.a(_udivmoddi4.o)
 .data          0x20401264        0x0 c:/nxp/s32ds.3.6.3/s32ds/build_tools/gcc_v10.2/gcc-10.2-arm32-eabi/bin/../lib/gcc/arm-none-eabi/10.2.0/thumb/v7e-m+fp/hard\libgcc.a(_dvmd_tls.o)
 *(.data*)
                0x20401264                . = ALIGN (0x4)
 *(.mcal_data)
 .mcal_data     0x20401264        0x4 ./RTD/src/Siul2_Dio_Ip.o
                0x20401264                Siul2_Dio_Ip_au32BaseAdresses
                0x20401268                . = ALIGN (0x4)
                0x20401268                __sram_data_end__ = .
                0x00411214                __sram_data_rom_end = (__sram_data_rom + (__sram_data_end__ - __sram_data_begin__))

.heap           0x20401268     0x1000 load address 0x00411214
                0x00000000                . = (. + ALIGN (0x4))
                0x20401268                _end = .
                0x20401268                end = .
                0x20401268                _heap_start = .
                0x00001000                . = (. + HEAP_SIZE)
 *fill*         0x20401268     0x1000 
                0x20402268                _heap_end = .

.acfls_code_ram
                0x2040ff00        0x0
                0x2040ff00                __acfls_code_ram_start = .
 *(.acfls_code_ram)
                0x2040ff00                __acfls_code_ram_end = .
                0x2040ff00                __acmem_43_infls_code_ram_start = .
 *(.acmem_43_infls_code_ram)
                0x2040ff00                __acmem_43_infls_code_ram_end = .
                0x00411214                __non_cacheable_data_rom = __sram_data_rom_end

.non_cacheable_data
                0x20410000      0x104 load address 0x00411214
                0x20410000                . = ALIGN (0x4)
                0x20410000                __non_cacheable_data_start__ = .
 *(.int_results)
                0x20410100                . = (. + 0x100)
 *fill*         0x20410000      0x100 
                0x20410100                . = ALIGN (0x4)
 *(.mcal_data_no_cacheable)
                0x20410100                . = ALIGN (0x4)
 *(.mcal_const_no_cacheable)
                0x20410100                . = ALIGN (0x4)
                0x20410100                HSE_LOOP_ADDR = .
                0x20410100        0x4 LONG 0x0
                0x20410104                __non_cacheable_data_end__ = .
                0x00411318                __non_cacheable_data_rom_end = (__non_cacheable_data_rom + (__non_cacheable_data_end__ - __non_cacheable_data_start__))

.igot.plt       0x20410104        0x0 load address 0x00411318
 .igot.plt      0x20410104        0x0 ./Project_Settings/Startup_Code/Vector_Table.o

.non_cacheable_bss
                0x20410104     0x14b0 load address 0x00411318
                0x20410110                . = ALIGN (0x10)
 *fill*         0x20410104        0xc 
                0x20410110                __non_cacheable_bss_start = .
 *(.mcal_bss_no_cacheable)
 .mcal_bss_no_cacheable
                0x20410110      0x574 ./RTD/src/Det.o
                0x20410110                Det_NextIdxList
                0x20410160                Det_RuntimeErrorId
                0x20410188                Det_aErrorState
                0x20410218                Det_Runtime_NextIdxList
                0x20410268                Det_aRuntimeErrorState
                0x204102f8                Det_ModuleId
                0x20410348                Det_numTransientEventErrors
                0x20410358                Det_TransientInstanceId
                0x20410380                Det_RuntimeModuleId
                0x204103d0                Det_TransientFaultId
                0x204103f8                Det_OverflowErrorFlag
                0x204103fc                Det_Transient_Head
                0x20410404                Det_RuntimeInstanceId
                0x2041042c                Det_ModuleState
                0x2041043c                Det_OverflowRuntimeErrorFlag
                0x20410440                Det_RuntimeApiId
                0x20410468                Det_OverflowTransientErrorFlag
                0x2041046c                Det_Head
                0x20410474                Det_numEventErrors
                0x20410484                Det_Runtime_Head
                0x2041048c                Det_Tail
                0x20410494                Det_InstanceId
                0x204104bc                Det_numRuntimeEventErrors
                0x204104cc                Det_Runtime_Tail
                0x204104d4                Det_TransientApiId
                0x204104fc                Det_ApiId
                0x20410524                Det_Transient_NextIdxList
                0x20410574                Det_aTransientErrorState
                0x20410604                Det_Transient_Tail
                0x2041060c                Det_ErrorId
                0x20410634                Det_TransientModuleId
 .mcal_bss_no_cacheable
                0x20410684       0x10 ./RTD/src/Lpi2c_Ip.o
 .mcal_bss_no_cacheable
                0x20410694       0xe0 ./RTD/src/Lpuart_Uart_Ip.o
                0x20410694                Lpuart_Uart_Ip_apStateStructure
 .mcal_bss_no_cacheable
                0x20410774       0x40 ./RTD/src/SchM_BaseNXP.o
 .mcal_bss_no_cacheable
                0x204107b4      0x300 ./RTD/src/SchM_Can_43_FLEXCAN.o
 .mcal_bss_no_cacheable
                0x20410ab4       0x40 ./RTD/src/SchM_Dio.o
 .mcal_bss_no_cacheable
                0x20410af4      0x420 ./RTD/src/SchM_I2c.o
 .mcal_bss_no_cacheable
                0x20410f14       0x60 ./RTD/src/SchM_Mcu.o
 .mcal_bss_no_cacheable
                0x20410f74      0x380 ./RTD/src/SchM_Port.o
 .mcal_bss_no_cacheable
                0x204112f4      0x2c0 ./RTD/src/SchM_Uart.o
                0x204115b4                . = ALIGN (0x4)
                0x204115b4                __non_cacheable_bss_end = .
                0x00411318                __shareable_data_rom = __non_cacheable_data_rom_end

.shareable_data
                0x20480000        0x0 load address 0x00411318
                0x20480000                . = ALIGN (0x4)
                0x20480000                __shareable_data_start__ = .
 *(.mcal_shared_data)
                0x20480000                . = ALIGN (0x4)
                0x20480000                __shareable_data_end__ = .
                0x00411318                __shareable_data_rom_end = (__shareable_data_rom + (__shareable_data_end__ - __shareable_data_start__))

.shareable_bss  0x20480000        0x0
                0x20480000                . = ALIGN (0x10)
                0x20480000                __shareable_bss_start = .
 *(.mcal_shared_bss)
                0x20480000                . = ALIGN (0x4)
                0x20480000                __shareable_bss_end = .

.int_vector     0x20000000      0x408
                0x20000000                . = ALIGN (0x800)
                0x20000000                __interrupts_ram_start = .
                0x20000408                . = (. + (__interrupts_init_end - __interrupts_init_start))
 *fill*         0x20000000      0x408 
                0x20000408                . = ALIGN (0x4)
                0x20000408                __interrupts_ram_end = .
                0x00411318                __tcm_data_rom = __shareable_data_rom_end

.data_tcm_data  0x20000408        0x0 load address 0x00411318
                0x20000408                . = ALIGN (0x4)
                0x20000408                __dtcm_data_start__ = .
 *(.dtcm_data*)
                0x20000408                . = ALIGN (0x4)
                0x20000408                __dtcm_data_end__ = .
                0x00411318                __tcm_data_rom_end = (__tcm_data_rom + (__dtcm_data_end__ - __dtcm_data_start__))

.bss_tcm_data   0x20000408        0x0
                0x20000408                . = ALIGN (0x4)
                0x20000408                __dtcm_bss_start__ = .
 *(.dtcm_bss*)
                0x20000408                . = ALIGN (0x4)
                0x20000408                __dtcm_bss_end__ = .
                0x00411318                __tcm_code_rom_start = __tcm_data_rom_end

.itcm_text      0x00000000        0x0 load address 0x00411318
                0x00000000                . = ALIGN (0x4)
                0x00000000                __itcm_start__ = .
 *(.itcm_text*)
                0x00000000                . = ALIGN (0x4)
                0x00000000                __itcm_end__ = .
                0x00411318                __tcm_code_rom_end = (__tcm_code_rom_start + (__itcm_end__ - __itcm_start__))
                0x2000f000                __Stack_dtcm_end = ORIGIN (int_stack_dtcm)
                0x20010000                __Stack_dtcm_start = (ORIGIN (int_stack_dtcm) + LENGTH (int_stack_dtcm))
                0x20400000                __INT_SRAM_START = ORIGIN (int_sram_c0)
                0x20420000                __INT_SRAM_END = ORIGIN (ram_end_c0)
                0x20480000                __INT_SRAM_SHARE_START = ORIGIN (int_sram_shareable)
                0x204c0000                __INT_SRAM_SHARE_END = (ORIGIN (int_sram_shareable) + LENGTH (int_sram_shareable))
                0x00000000                __INT_ITCM_START = ORIGIN (int_itcm)
                0x00008000                __INT_ITCM_END = (ORIGIN (int_itcm) + LENGTH (int_itcm))
                0x20000000                __INT_DTCM_START = ORIGIN (int_dtcm)
                0x20010000                __INT_DTCM_END = ((ORIGIN (int_dtcm) + LENGTH (int_dtcm)) + LENGTH (int_stack_dtcm))
                0x20480000                __RAM_SHAREABLE_START = __shareable_data_start__
                0x00000012                __RAM_SHAREABLE_SIZE = 0x12
                0x00411318                __ROM_SHAREABLE_START = __shareable_data_rom
                0x00411318                __ROM_SHAREABLE_END = __shareable_data_rom_end
                0x20410000                __RAM_NO_CACHEABLE_START = __non_cacheable_data_start__
                0x00000010                __RAM_NO_CACHEABLE_SIZE = 0x10
                0x00411214                __ROM_NO_CACHEABLE_START = __non_cacheable_data_rom
                0x00411318                __ROM_NO_CACHEABLE_END = __non_cacheable_data_rom_end
                0x2040118c                __RAM_CACHEABLE_START = __sram_data_begin__
                0x00000010                __RAM_CACHEABLE_SIZE = 0x10
                0x00411138                __ROM_CACHEABLE_START = __sram_data_rom
                0x00411214                __ROM_CACHEABLE_END = __sram_data_rom_end
                0x00400000                __ROM_CODE_START = ORIGIN (int_flash_c0)
                0x10000000                __ROM_DATA_START = 0x10000000
                0x20400000                __BSS_SRAM_START = __sram_bss_start
                0x2040118c                __BSS_SRAM_END = __sram_bss_end
                0x0000118c                __BSS_SRAM_SIZE = (__sram_bss_end - __sram_bss_start)
                0x20410110                __BSS_SRAM_NC_START = __non_cacheable_bss_start
                0x000014a4                __BSS_SRAM_NC_SIZE = (__non_cacheable_bss_end - __non_cacheable_bss_start)
                0x204115b4                __BSS_SRAM_NC_END = __non_cacheable_bss_end
                0x20480000                __BSS_SRAM_SH_START = __shareable_bss_start
                0x00000000                __BSS_SRAM_SH_SIZE = (__shareable_bss_end - __shareable_bss_start)
                0x20480000                __BSS_SRAM_SH_END = __shareable_bss_end
                0x20000000                __RAM_INTERRUPT_START = __interrupts_ram_start
                0x00402000                __INIT_INTERRUPT_START = __interrupts_init_start
                0x00402408                __INIT_INTERRUPT_END = __interrupts_init_end
                0x00000000                __RAM_ITCM_START = __itcm_start__
                0x00411318                __ROM_ITCM_START = __tcm_code_rom_start
                0x00411318                __ROM_ITCM_END = __tcm_code_rom_end
                0x20000408                __RAM_DTCM_DATA_START = __dtcm_data_start__
                0x00411318                __ROM_DTCM_DATA_START = __tcm_data_rom
                0x00411318                __ROM_DTCM_END = __tcm_data_rom_end
                0x004110c8                __INIT_TABLE = __init_table
                0x00411114                __ZERO_TABLE = __zero_table
                0x00000001                __RAM_INIT = 0x1
                0x00000001                __ITCM_INIT = 0x1
                0x00000001                __DTCM_INIT = 0x1
                0x0040e904                Fls_ACEraseRomStart = __acfls_code_rom_start
                0x0040e980                Fls_ACEraseRomEnd = __acfls_code_rom_end
                0x0000001f                Fls_ACEraseSize = ((__acfls_code_rom_end - __acfls_code_rom_start) / 0x4)
                0x0040e904                Fls_ACWriteRomStart = __acfls_code_rom_start
                0x0040e980                Fls_ACWriteRomEnd = __acfls_code_rom_end
                0x0000001f                Fls_ACWriteSize = ((__acfls_code_rom_end - __acfls_code_rom_start) / 0x4)
                0x2040ff00                _ERASE_FUNC_ADDRESS_ = __acfls_code_ram_start
                0x2040ff00                _WRITE_FUNC_ADDRESS_ = __acfls_code_ram_start
                0x0040e980                Mem_43_INFLS_ACEraseRomStart = __acmem_43_infls_code_rom_start
                0x0040e980                Mem_43_INFLS_ACEraseRomEnd = __acmem_43_infls_code_rom_end
                0x00000000                Mem_43_INFLS_ACEraseSize = (((__acmem_43_infls_code_rom_end - __acmem_43_infls_code_rom_start) + 0x3) / 0x4)
                0x0040e980                Mem_43_INFLS_ACWriteRomStart = __acmem_43_infls_code_rom_start
                0x0040e980                Mem_43_INFLS_ACWriteRomEnd = __acmem_43_infls_code_rom_end
                0x00000000                Mem_43_INFLS_ACWriteSize = (((__acmem_43_infls_code_rom_end - __acmem_43_infls_code_rom_start) + 0x3) / 0x4)
                0x2040ff00                _MEM_43_INFLS_ERASE_FUNC_ADDRESS_ = __acmem_43_infls_code_ram_start
                0x2040ff00                _MEM_43_INFLS_WRITE_FUNC_ADDRESS_ = __acmem_43_infls_code_ram_start
                0x00402000                __ENTRY_VTABLE = __INIT_INTERRUPT_START
                0x00402000                __CORE0_VTOR = __INIT_INTERRUPT_START
                0x00600000                __CORE1_VTOR = ORIGIN (int_flash_c1)
                0x00800000                __CORE2_VTOR = ORIGIN (int_flash_c2)
                0x00a00000                __CORE3_VTOR = ORIGIN (int_flash_c3)
                0x00000000                __INDEX_COPY_CORE2 = 0x0
                0x00000001                ASSERT ((__standby_ram_end__ <= __STANDBY_RAM_LIMIT_END), Memory for standby ram overflow)
OUTPUT(TEST_CAN_S32K388_128_M7_0_0.elf elf32-littlearm)
LOAD linker stubs

.ARM.attributes
                0x00000000       0x30
 .ARM.attributes
                0x00000000       0x20 ./Project_Settings/Startup_Code/Vector_Table.o
 .ARM.attributes
                0x00000020       0x34 ./Project_Settings/Startup_Code/exceptions.o
 .ARM.attributes
                0x00000054       0x34 ./Project_Settings/Startup_Code/nvic.o
 .ARM.attributes
                0x00000088       0x34 ./Project_Settings/Startup_Code/startup.o
 .ARM.attributes
                0x000000bc       0x1f ./Project_Settings/Startup_Code/startup_cm7.o
 .ARM.attributes
                0x000000db       0x34 ./Project_Settings/Startup_Code/system.o
 .ARM.attributes
                0x0000010f       0x34 ./RTD/src/Clock_Ip.o
 .ARM.attributes
                0x00000143       0x39 ./RTD/src/Clock_Ip_Data.o